******************************************************************************
                  TI ARM Linker PC v20.2.7                     
******************************************************************************
>> Linked Wed Dec  6 19:55:17 2023

OUTPUT FILE NAME:   <final.out>
ENTRY POINT SYMBOL: "_c_int00_noargs"  address: 00005c99


MEMORY CONFIGURATION

         name            origin    length      used     unused   attr    fill
----------------------  --------  ---------  --------  --------  ----  --------
  FLASH                 00000000   00040000  0000618b  00039e75  R  X
  SRAM                  20000000   00008000  00000f29  000070d7  RW X


SEGMENT ALLOCATION MAP

run origin  load origin   length   init length attrs members
----------  ----------- ---------- ----------- ----- -------
00000000    00000000    00006190   00006190    r-x
  00000000    00000000    0000026c   0000026c    r-- .intvecs
  0000026c    0000026c    00005cd8   00005cd8    r-x .text
  00005f48    00005f48    000001f7   000001f7    r-- .const
  00006140    00006140    00000050   00000050    r-- .cinit
20000000    20000000    00000f2e   00000000    rw-
  20000000    20000000    0000026c   00000000    rw- .vtable
  20000270    20000270    00000800   00000000    rw- .stack
  20000a70    20000a70    00000400   00000000    rw- .sysmem
  20000e70    20000e70    00000083   00000000    rw- .bss
  20000ef4    20000ef4    0000003a   00000000    rw- .data


SECTION ALLOCATION MAP

 output                                  attributes/
section   page    origin      length       input sections
--------  ----  ----------  ----------   ----------------
.intvecs   0    00000000    0000026c     
                  00000000    0000026c     tm4c123gh6pm_startup_ccs.obj (.intvecs)

.text      0    0000026c    00005cd8     
                  0000026c    00000c20     open_interface.obj (.text)
                  00000e8c    00000a4e     rtsv7M4_T_le_v4SPD16_eabi.lib : _printfi.c.obj (.text:__TI_printfi)
                  000018da    00000002                                   : _lock.c.obj (.text:_nop)
                  000018dc    000009d0                                   : e_pow.c.obj (.text:pow)
                  000022ac    0000061a     helperfunctions.obj (.text)
                  000028c6    00000002     rtsv7M4_T_le_v4SPD16_eabi.lib : div0.asm.obj (.text)
                  000028c8    0000041c     movement.obj (.text)
                  00002ce4    00000418     missioncommands.obj (.text)
                  000030fc    00000328     lcd.obj (.text)
                  00003424    00000324     ping.obj (.text)
                  00003748    000002e8     servo.obj (.text)
                  00003a30    00000270     rtsv7M4_T_le_v4SPD16_eabi.lib : _printfi.c.obj (.text:_pconv_a)
                  00003ca0    00000248     Timer.obj (.text)
                  00003ee8    000001dc     uart_extra_help.obj (.text)
                  000040c4    000001d0     rtsv7M4_T_le_v4SPD16_eabi.lib : _printfi.c.obj (.text:_pconv_g)
                  00004294    000001bc     ADC.obj (.text)
                  00004450    000001b6     rtsv7M4_T_le_v4SPD16_eabi.lib : fd_add_t2.asm.obj (.text)
                  00004606    00000002     --HOLE-- [fill = 0]
                  00004608    00000160     button.obj (.text)
                  00004768    00000158     rtsv7M4_T_le_v4SPD16_eabi.lib : e_sqrt.c.obj (.text:sqrt)
                  000048c0    0000013c                                   : _printfi.c.obj (.text:_pconv_e)
                  000049fc    00000136                                   : fd_div_t2.asm.obj (.text)
                  00004b32    00000002     --HOLE-- [fill = 0]
                  00004b34    00000124                                   : _printfi.c.obj (.text:fcvt)
                  00004c58    00000110                                   : s_scalbn.c.obj (.text:scalbn)
                  00004d68    00000100                                   : memory.c.obj (.text:aligned_alloc)
                  00004e68    000000fc                                   : fd_mul_t2.asm.obj (.text)
                  00004f64    000000e4                                   : memory.c.obj (.text:free)
                  00005048    000000b4                                   : s_cosf.c.obj (.text:cosf)
                  000050fc    000000b1                                   : _printfi.c.obj (.text:_ltostr)
                  000051ad    00000003     --HOLE-- [fill = 0]
                  000051b0    000000ac                                   : s_tanf.c.obj (.text:tanf)
                  0000525c    000000a4                                   : s_sinf.c.obj (.text:sinf)
                  00005300    0000009c                                   : memcpy_t2.asm.obj (.text)
                  0000539c    00000096                                   : ull_div_t2.asm.obj (.text)
                  00005432    00000086                                   : fd_cmp_t2.asm.obj (.text:__aeabi_cdcmple)
                  000054b8    00000086                                   : fd_cmp_t2.asm.obj (.text:__aeabi_cdrcmple)
                  0000553e    00000002     --HOLE-- [fill = 0]
                  00005540    00000080                                   : s_floorf.c.obj (.text:floorf)
                  000055c0    0000007a                                   : memset_t2.asm.obj (.text)
                  0000563a    00000002     --HOLE-- [fill = 0]
                  0000563c    00000070                                   : memory.c.obj (.text:split)
                  000056ac    0000006e                                   : _printfi.c.obj (.text:_mcpy)
                  0000571a    0000006e                                   : s_roundf.c.obj (.text:roundf)
                  00005788    0000006e                                   : fd_tos_t2.asm.obj (.text)
                  000057f6    00000068                                   : copy_decompress_lzss.c.obj (.text:decompress:lzss:__TI_decompress_lzss)
                  0000585e    00000002     --HOLE-- [fill = 0]
                  00005860    00000064                                   : s_frexp.c.obj (.text:frexp)
                  000058c4    00000056                                   : _printfi.c.obj (.text:_pconv_f)
                  0000591a    00000054                                   : _ltoa.c.obj (.text:__TI_ltoa)
                  0000596e    00000052                                   : _printfi.c.obj (.text:_ecpy)
                  000059c0    00000050     main.obj (.text)
                  00005a10    0000004c     rtsv7M4_T_le_v4SPD16_eabi.lib : atoi.c.obj (.text:atoi)
                  00005a5c    0000004c                                   : snprintf.c.obj (.text:snprintf)
                  00005aa8    00000048                                   : fd_toi_t2.asm.obj (.text)
                  00005af0    00000044                                   : autoinit.c.obj (.text:__TI_auto_init_nobinit_nopinit:__TI_auto_init_nobinit_nopinit)
                  00005b34    00000040                                   : sprintf.c.obj (.text:sprintf)
                  00005b74    00000040                                   : vsnprintf.c.obj (.text:vsnprintf)
                  00005bb4    0000003e                                   : _printfi.c.obj (.text:_fcpy)
                  00005bf2    00000002     --HOLE-- [fill = 0]
                  00005bf4    00000038                                   : memory.c.obj (.text:calloc)
                  00005c2c    00000038                                   : fs_tod_t2.asm.obj (.text)
                  00005c64    00000034     driverlib.lib : interrupt.obj (.text:IntRegister)
                  00005c98    00000034     rtsv7M4_T_le_v4SPD16_eabi.lib : boot_cortex_m.c.obj (.text:_c_int00_noargs:_c_int00_noargs)
                  00005ccc    00000030                                   : snprintf.c.obj (.text:_outs)
                  00005cfc    00000030                                   : vsnprintf.c.obj (.text:_outs)
                  00005d2c    0000002e                                   : i_tofd_t2.asm.obj (.text)
                  00005d5a    00000002     --HOLE-- [fill = 0]
                  00005d5c    00000028                                   : memory.c.obj (.text:free_list_insert)
                  00005d84    00000020                                   : u_tofd_t2.asm.obj (.text)
                  00005da4    0000001c                                   : copy_zero_init.c.obj (.text:decompress:ZI:__TI_zero_init_nomemset:__TI_zero_init_nomemset)
                  00005dc0    0000001c                                   : memory.c.obj (.text:free_list_remove)
                  00005ddc    0000001c                                   : memccpy.c.obj (.text:memccpy)
                  00005df8    0000001a                                   : s_copysign.c.obj (.text:copysign)
                  00005e12    00000018                                   : snprintf.c.obj (.text:_outc)
                  00005e2a    00000018                                   : vsnprintf.c.obj (.text:_outc)
                  00005e42    00000018                                   : sprintf.c.obj (.text:_outs)
                  00005e5a    00000018     open_interface.obj (.text:oi_parseInt)
                  00005e72    00000018     rtsv7M4_T_le_v4SPD16_eabi.lib : strcmp.c.obj (.text:strcmp)
                  00005e8a    00000016                                   : strchr.c.obj (.text:strchr)
                  00005ea0    00000014                                   : strcpy.c.obj (.text:strcpy)
                  00005eb4    00000014                                   : strlen.c.obj (.text:strlen)
                  00005ec8    00000012                                   : wcslen.c.obj (.text:wcslen)
                  00005eda    00000010     driverlib.lib : interrupt.obj (.text:IntMasterEnable)
                  00005eea    00000010     lcd.obj (.text:lcd_clear)
                  00005efa    0000000e     rtsv7M4_T_le_v4SPD16_eabi.lib : copy_decompress_none.c.obj (.text:decompress:none:__TI_decompress_none)
                  00005f08    0000000c     driverlib.lib : cpu.obj (.text:CPUcpsie)
                  00005f14    0000000c     tm4c123gh6pm_startup_ccs.obj (.text)
                  00005f20    0000000a     rtsv7M4_T_le_v4SPD16_eabi.lib : sprintf.c.obj (.text:_outc)
                  00005f2a    00000002     --HOLE-- [fill = 0]
                  00005f2c    00000008                                   : errno.c.obj (.text:__aeabi_errno_addr)
                  00005f34    00000008                                   : memory.c.obj (.text:malloc)
                  00005f3c    00000004                                   : pre_init.c.obj (.text:_system_pre_init)
                  00005f40    00000004                                   : exit.c.obj (.text:abort:abort)

.const     0    00005f48    000001f7     
                  00005f48    00000101     rtsv7M4_T_le_v4SPD16_eabi.lib : ctype.c.obj (.const:.string:_ctypes_)
                  00006049    00000004     lcd.obj (.const:.string:lineAddress$1)
                  0000604d    00000003     --HOLE-- [fill = 0]
                  00006050    00000030     rtsv7M4_T_le_v4SPD16_eabi.lib : e_pow.c.obj (.const:$O1$$)
                  00006080    0000002c     main.obj (.const:.string:$P$T0$1)
                  000060ac    00000024     missioncommands.obj (.const:.string:$P$T3$4)
                  000060d0    0000001f     missioncommands.obj (.const:.string:$P$T2$3)
                  000060ef    00000019     missioncommands.obj (.const:.string:$P$T4$5)
                  00006108    00000013     missioncommands.obj (.const:.string:$P$T1$2)
                  0000611b    00000011     missioncommands.obj (.const:.string:$P$T0$1)
                  0000612c    0000000f     open_interface.obj (.const:.string:$P$T0$3)
                  0000613b    00000004     lcd.obj (.const:.string:lineAddresses$2)

.cinit     0    00006140    00000050     
                  00006140    00000019     (.cinit..data.load) [load image, compression = lzss]
                  00006159    00000003     --HOLE-- [fill = 0]
                  0000615c    0000000c     (__TI_handler_table)
                  00006168    00000008     (.cinit..bss.load) [load image, compression = zero_init]
                  00006170    00000008     (.cinit..vtable.load) [load image, compression = zero_init]
                  00006178    00000018     (__TI_cinit_table)

.init_array 
*          0    00000000    00000000     UNINITIALIZED

.vtable    0    20000000    0000026c     UNINITIALIZED
                  20000000    0000026c     driverlib.lib : interrupt.obj (.vtable)

.stack     0    20000270    00000800     UNINITIALIZED
                  20000270    00000004     rtsv7M4_T_le_v4SPD16_eabi.lib : boot_cortex_m.c.obj (.stack)
                  20000274    000007fc     --HOLE--

.sysmem    0    20000a70    00000400     UNINITIALIZED
                  20000a70    00000010     rtsv7M4_T_le_v4SPD16_eabi.lib : memory.c.obj (.sysmem)
                  20000a80    000003f0     --HOLE--

.bss       0    20000e70    00000083     UNINITIALIZED
                  20000e70    00000054     lcd.obj (.bss:lastbuffer$3)
                  20000ec4    00000018     open_interface.obj (.bss:firmware$2)
                  20000edc    00000004     (.common:_timeout_ticks)
                  20000ee0    00000004     (.common:button_event)
                  20000ee4    00000004     (.common:button_num)
                  20000ee8    00000004     (.common:falling_time)
                  20000eec    00000004     (.common:rising_time)
                  20000ef0    00000001     (.common:flag)
                  20000ef1    00000001     (.common:state)
                  20000ef2    00000001     (.common:uart_data)

.data      0    20000ef4    0000003a     UNINITIALIZED
                  20000ef4    00000020     open_interface.obj (.data)
                  20000f14    00000008     rtsv7M4_T_le_v4SPD16_eabi.lib : _lock.c.obj (.data:$O1$$)
                  20000f1c    00000008                                   : memory.c.obj (.data:$O1$$)
                  20000f24    00000004     ping.obj (.data)
                  20000f28    00000004     rtsv7M4_T_le_v4SPD16_eabi.lib : errno.c.obj (.data)
                  20000f2c    00000001     Timer.obj (.data)
                  20000f2d    00000001     button.obj (.data)

__llvm_prf_cnts 
*          0    20000000    00000000     UNINITIALIZED

MODULE SUMMARY

       Module                         code    ro data   rw data
       ------                         ----    -------   -------
    .\
       open_interface.obj             3128    15        56     
       helperfunctions.obj            1562    0         0      
       missioncommands.obj            1048    128       0      
       movement.obj                   1052    0         0      
       lcd.obj                        824     8         84     
       ping.obj                       804     0         13     
       servo.obj                      744     0         0      
       tm4c123gh6pm_startup_ccs.obj   12      620       0      
       Timer.obj                      584     0         5      
       uart_extra_help.obj            476     0         2      
       ADC.obj                        444     0         0      
       button.obj                     352     0         9      
       main.obj                       80      44        0      
    +--+------------------------------+-------+---------+---------+
       Total:                         11110   815       169    
                                                               
    C:/ti/TivaWare_C_Series-2.2.0.295/driverlib/ccs/Debug/driverlib.lib
       interrupt.obj                  68      0         620    
       cpu.obj                        12      0         0      
    +--+------------------------------+-------+---------+---------+
       Total:                         80      0         620    
                                                               
    C:\ti\ccs1230\ccs\tools\compiler\ti-cgt-arm_20.2.7.LTS\lib\rtsv7M4_T_le_v4SPD16_eabi.lib
       _printfi.c.obj                 4851    0         0      
       e_pow.c.obj                    2512    48        0      
       memory.c.obj                   728     0         8      
       fd_add_t2.asm.obj              438     0         0      
       e_sqrt.c.obj                   344     0         0      
       fd_div_t2.asm.obj              310     0         0      
       s_scalbn.c.obj                 272     0         0      
       fd_cmp_t2.asm.obj              268     0         0      
       ctype.c.obj                    0       257       0      
       fd_mul_t2.asm.obj              252     0         0      
       s_cosf.c.obj                   180     0         0      
       s_tanf.c.obj                   172     0         0      
       s_sinf.c.obj                   164     0         0      
       memcpy_t2.asm.obj              156     0         0      
       ull_div_t2.asm.obj             150     0         0      
       snprintf.c.obj                 148     0         0      
       vsnprintf.c.obj                136     0         0      
       s_floorf.c.obj                 128     0         0      
       memset_t2.asm.obj              122     0         0      
       fd_tos_t2.asm.obj              110     0         0      
       s_roundf.c.obj                 110     0         0      
       copy_decompress_lzss.c.obj     104     0         0      
       s_frexp.c.obj                  100     0         0      
       sprintf.c.obj                  98      0         0      
       _ltoa.c.obj                    84      0         0      
       atoi.c.obj                     76      0         0      
       fd_toi_t2.asm.obj              72      0         0      
       autoinit.c.obj                 68      0         0      
       fs_tod_t2.asm.obj              56      0         0      
       boot_cortex_m.c.obj            52      0         0      
       i_tofd_t2.asm.obj              46      0         0      
       u_tofd_t2.asm.obj              32      0         0      
       copy_zero_init.c.obj           28      0         0      
       memccpy.c.obj                  28      0         0      
       s_copysign.c.obj               26      0         0      
       strcmp.c.obj                   24      0         0      
       strchr.c.obj                   22      0         0      
       strcpy.c.obj                   20      0         0      
       strlen.c.obj                   20      0         0      
       wcslen.c.obj                   18      0         0      
       copy_decompress_none.c.obj     14      0         0      
       errno.c.obj                    8       0         4      
       _lock.c.obj                    2       0         8      
       exit.c.obj                     4       0         0      
       pre_init.c.obj                 4       0         0      
       div0.asm.obj                   2       0         0      
    +--+------------------------------+-------+---------+---------+
       Total:                         12559   305       20     
                                                               
       Heap:                          0       0         1024   
       Stack:                         0       0         2048   
       Linker Generated:              0       77        0      
    +--+------------------------------+-------+---------+---------+
       Grand Total:                   23749   1197      3881   


LINKER GENERATED COPY TABLES

__TI_cinit_table @ 00006178 records: 3, size/record: 8, table size: 24
	.data: load addr=00006140, load size=00000019 bytes, run addr=20000ef4, run size=0000003a bytes, compression=lzss
	.bss: load addr=00006168, load size=00000008 bytes, run addr=20000e70, run size=00000083 bytes, compression=zero_init
	.vtable: load addr=00006170, load size=00000008 bytes, run addr=20000000, run size=0000026c bytes, compression=zero_init


LINKER GENERATED HANDLER TABLE

__TI_handler_table @ 0000615c records: 3, size/record: 4, table size: 12
	index: 0, handler: __TI_zero_init
	index: 1, handler: __TI_decompress_lzss
	index: 2, handler: __TI_decompress_none


GLOBAL SYMBOLS: SORTED ALPHABETICALLY BY Name 

address   name                          
-------   ----                          
00004377  ADC_getDistance               
00004295  ADC_init                      
0000434f  ADC_read                      
00005f41  C$$EXIT                       
00005f09  CPUcpsie                      
00000bc3  GPIOF_Handler                 
00005edb  IntMasterEnable               
00005c65  IntRegister                   
00005f15  ResetISR                      
00003627  TIMER3B_Handler               
20000a70  __STACK_END                   
00000800  __STACK_SIZE                  
20000470  __STACK_TOP                   
00000400  __SYSMEM_SIZE                 
00006178  __TI_CINIT_Base               
00006190  __TI_CINIT_Limit              
0000615c  __TI_Handler_Table_Base       
00006168  __TI_Handler_Table_Limit      
00005af1  __TI_auto_init_nobinit_nopinit
000057f7  __TI_decompress_lzss          
00005efb  __TI_decompress_none          
0000591b  __TI_ltoa                     
ffffffff  __TI_pprof_out_hndl           
00000e8d  __TI_printfi                  
ffffffff  __TI_prof_data_size           
ffffffff  __TI_prof_data_start          
00000000  __TI_static_base__            
00005da5  __TI_zero_init_nomemset       
00005433  __aeabi_cdcmpeq               
00005433  __aeabi_cdcmple               
000054b9  __aeabi_cdrcmple              
00005789  __aeabi_d2f                   
00005aa9  __aeabi_d2iz                  
0000445b  __aeabi_dadd                  
000049fd  __aeabi_ddiv                  
00004e69  __aeabi_dmul                  
00004451  __aeabi_dsub                  
00005f2d  __aeabi_errno_addr            
00005c2d  __aeabi_f2d                   
00005d2d  __aeabi_i2d                   
000028c7  __aeabi_idiv0                 
000028c7  __aeabi_ldiv0                 
000055c1  __aeabi_memclr                
000055c1  __aeabi_memclr4               
000055c1  __aeabi_memclr8               
00005301  __aeabi_memcpy                
00005301  __aeabi_memcpy4               
00005301  __aeabi_memcpy8               
000055c3  __aeabi_memset                
000055c3  __aeabi_memset4               
000055c3  __aeabi_memset8               
00005d85  __aeabi_ui2d                  
0000539d  __aeabi_uldivmod              
ffffffff  __binit__                     
ffffffff  __c_args__                    
UNDEFED   __mpu_init                    
20000270  __stack                       
20000000  __start___llvm_prf_cnts       
20000000  __stop___llvm_prf_cnts        
00005c99  _c_int00_noargs               
00005f48  _ctypes_                      
20000f14  _lock                         
000018db  _nop                          
20000f2c  _running                      
20000a70  _sys_memory                   
UNDEFED   _system_post_cinit            
00005f3d  _system_pre_init              
20000edc  _timeout_ticks                
20000f18  _unlock                       
00005f41  abort                         
00004d69  aligned_alloc                 
000025c1  arrayOutput                   
00005a11  atoi                          
ffffffff  binit                         
20000ee0  button_event                  
000046ad  button_getButton              
00004609  button_init                   
20000ee4  button_num                    
000038dd  calibrate                     
00003871  calibrate_move                
00005bf5  calloc                        
000022ad  cartFromPolar                 
000028c9  checkBumper                   
000028ff  checkCliff                    
00005df9  copysign                      
00005df9  copysignl                     
00005049  cosf                          
20000f28  errno                         
20000ee8  falling_time                  
20000ef0  flag                          
00005541  floorf                        
00004f65  free                          
00005861  frexp                         
00005861  frexpl                        
20000000  g_pfnRAMVectors               
00000000  g_pfnVectors                  
000036bd  get_overflow                  
00003665  get_pulse                     
00003687  get_pulse_millis              
0000097f  go_charge                     
00004695  gpioe_handler                 
00002679  gridPrintPutty                
00004635  init_button_interrupts        
00005eeb  lcd_clear                     
000032d1  lcd_gotoLine                  
00003139  lcd_init                      
00003337  lcd_printf                    
000031f9  lcd_putc                      
00003231  lcd_puts                      
000030fd  lcd_reverseNibble             
0000324f  lcd_sendCommand               
0000328d  lcd_sendNibble                
000032f9  lcd_setCursorPos              
00004c59  ldexp                         
00004c59  ldexpl                        
000059c1  main                          
00005f35  malloc                        
00004d69  memalign                      
00005ddd  memccpy                       
00005301  memcpy                        
000055c9  memset                        
20000ef4  motor_cal_factor_L            
20000ef8  motor_cal_factor_R            
00002af7  move_backwards                
0000300d  move_cybot                    
00002955  move_forward                  
0000275d  objectDataOutput              
0000026d  oi_alloc                      
00000aa9  oi_checkFirmware              
000002c7  oi_close                      
00000279  oi_free                       
00000ded  oi_getMotorCalibrationLeft    
00000e01  oi_getMotorCalibrationRight   
000002b1  oi_init                       
00000289  oi_init_noupdate              
00000915  oi_loadSong                   
00005e5b  oi_parseInt                   
0000032b  oi_parsePacket                
0000096b  oi_play_song                  
0000084b  oi_setLeds                    
00000db1  oi_setMotorCalibration        
0000088f  oi_setWheels                  
00000b51  oi_shutoff_init               
0000098d  oi_uartInit                   
00000a31  oi_uartReceive                
00000a77  oi_uartSendBuff               
00000a15  oi_uartSendChar               
00000a59  oi_uartSendStr                
000002d9  oi_update                     
20000f24  overflow                      
00003425  ping_init                     
000034f5  ping_read                     
000018dd  pow                           
000018dd  powl                          
00004679  print_button                  
20000eec  rising_time                   
0000571b  roundf                        
00004c59  scalbn                        
00004c59  scalbnl                       
00002ce5  scan                          
000035a9  send_pulse                    
00003749  servo_init                    
000037e3  servo_move                    
000023d5  setObjectData                 
0000525d  sinf                          
00005a5d  snprintf                      
00005b35  sprintf                       
00004769  sqrt                          
00004769  sqrtl                         
20000ef1  state                         
00005e8b  strchr                        
00005e73  strcmp                        
00005ea1  strcpy                        
00005eb5  strlen                        
000051b1  tanf                          
00003dbf  timer_getMicros               
00003d67  timer_getMillis               
00003ca1  timer_init                    
00003d43  timer_pause                   
00003d55  timer_resume                  
00003d19  timer_stop                    
00003e19  timer_waitMicros              
00003e4b  timer_waitMillis              
00002b79  turn_left                     
00002b4f  turn_right                    
20000ef2  uart_data                     
00003ee9  uart_init                     
00004043  uart_interrupt_handler        
00004023  uart_interrupt_init           
00003fd3  uart_receive                  
00003fb7  uart_sendChar                 
00003ff9  uart_sendStr                  
00005b75  vsnprintf                     
00005ec9  wcslen                        


GLOBAL SYMBOLS: SORTED BY Symbol Address 

address   name                          
-------   ----                          
00000000  __TI_static_base__            
00000000  g_pfnVectors                  
0000026d  oi_alloc                      
00000279  oi_free                       
00000289  oi_init_noupdate              
000002b1  oi_init                       
000002c7  oi_close                      
000002d9  oi_update                     
0000032b  oi_parsePacket                
00000400  __SYSMEM_SIZE                 
00000800  __STACK_SIZE                  
0000084b  oi_setLeds                    
0000088f  oi_setWheels                  
00000915  oi_loadSong                   
0000096b  oi_play_song                  
0000097f  go_charge                     
0000098d  oi_uartInit                   
00000a15  oi_uartSendChar               
00000a31  oi_uartReceive                
00000a59  oi_uartSendStr                
00000a77  oi_uartSendBuff               
00000aa9  oi_checkFirmware              
00000b51  oi_shutoff_init               
00000bc3  GPIOF_Handler                 
00000db1  oi_setMotorCalibration        
00000ded  oi_getMotorCalibrationLeft    
00000e01  oi_getMotorCalibrationRight   
00000e8d  __TI_printfi                  
000018db  _nop                          
000018dd  pow                           
000018dd  powl                          
000022ad  cartFromPolar                 
000023d5  setObjectData                 
000025c1  arrayOutput                   
00002679  gridPrintPutty                
0000275d  objectDataOutput              
000028c7  __aeabi_idiv0                 
000028c7  __aeabi_ldiv0                 
000028c9  checkBumper                   
000028ff  checkCliff                    
00002955  move_forward                  
00002af7  move_backwards                
00002b4f  turn_right                    
00002b79  turn_left                     
00002ce5  scan                          
0000300d  move_cybot                    
000030fd  lcd_reverseNibble             
00003139  lcd_init                      
000031f9  lcd_putc                      
00003231  lcd_puts                      
0000324f  lcd_sendCommand               
0000328d  lcd_sendNibble                
000032d1  lcd_gotoLine                  
000032f9  lcd_setCursorPos              
00003337  lcd_printf                    
00003425  ping_init                     
000034f5  ping_read                     
000035a9  send_pulse                    
00003627  TIMER3B_Handler               
00003665  get_pulse                     
00003687  get_pulse_millis              
000036bd  get_overflow                  
00003749  servo_init                    
000037e3  servo_move                    
00003871  calibrate_move                
000038dd  calibrate                     
00003ca1  timer_init                    
00003d19  timer_stop                    
00003d43  timer_pause                   
00003d55  timer_resume                  
00003d67  timer_getMillis               
00003dbf  timer_getMicros               
00003e19  timer_waitMicros              
00003e4b  timer_waitMillis              
00003ee9  uart_init                     
00003fb7  uart_sendChar                 
00003fd3  uart_receive                  
00003ff9  uart_sendStr                  
00004023  uart_interrupt_init           
00004043  uart_interrupt_handler        
00004295  ADC_init                      
0000434f  ADC_read                      
00004377  ADC_getDistance               
00004451  __aeabi_dsub                  
0000445b  __aeabi_dadd                  
00004609  button_init                   
00004635  init_button_interrupts        
00004679  print_button                  
00004695  gpioe_handler                 
000046ad  button_getButton              
00004769  sqrt                          
00004769  sqrtl                         
000049fd  __aeabi_ddiv                  
00004c59  ldexp                         
00004c59  ldexpl                        
00004c59  scalbn                        
00004c59  scalbnl                       
00004d69  aligned_alloc                 
00004d69  memalign                      
00004e69  __aeabi_dmul                  
00004f65  free                          
00005049  cosf                          
000051b1  tanf                          
0000525d  sinf                          
00005301  __aeabi_memcpy                
00005301  __aeabi_memcpy4               
00005301  __aeabi_memcpy8               
00005301  memcpy                        
0000539d  __aeabi_uldivmod              
00005433  __aeabi_cdcmpeq               
00005433  __aeabi_cdcmple               
000054b9  __aeabi_cdrcmple              
00005541  floorf                        
000055c1  __aeabi_memclr                
000055c1  __aeabi_memclr4               
000055c1  __aeabi_memclr8               
000055c3  __aeabi_memset                
000055c3  __aeabi_memset4               
000055c3  __aeabi_memset8               
000055c9  memset                        
0000571b  roundf                        
00005789  __aeabi_d2f                   
000057f7  __TI_decompress_lzss          
00005861  frexp                         
00005861  frexpl                        
0000591b  __TI_ltoa                     
000059c1  main                          
00005a11  atoi                          
00005a5d  snprintf                      
00005aa9  __aeabi_d2iz                  
00005af1  __TI_auto_init_nobinit_nopinit
00005b35  sprintf                       
00005b75  vsnprintf                     
00005bf5  calloc                        
00005c2d  __aeabi_f2d                   
00005c65  IntRegister                   
00005c99  _c_int00_noargs               
00005d2d  __aeabi_i2d                   
00005d85  __aeabi_ui2d                  
00005da5  __TI_zero_init_nomemset       
00005ddd  memccpy                       
00005df9  copysign                      
00005df9  copysignl                     
00005e5b  oi_parseInt                   
00005e73  strcmp                        
00005e8b  strchr                        
00005ea1  strcpy                        
00005eb5  strlen                        
00005ec9  wcslen                        
00005edb  IntMasterEnable               
00005eeb  lcd_clear                     
00005efb  __TI_decompress_none          
00005f09  CPUcpsie                      
00005f15  ResetISR                      
00005f2d  __aeabi_errno_addr            
00005f35  malloc                        
00005f3d  _system_pre_init              
00005f41  C$$EXIT                       
00005f41  abort                         
00005f48  _ctypes_                      
0000615c  __TI_Handler_Table_Base       
00006168  __TI_Handler_Table_Limit      
00006178  __TI_CINIT_Base               
00006190  __TI_CINIT_Limit              
20000000  __start___llvm_prf_cnts       
20000000  __stop___llvm_prf_cnts        
20000000  g_pfnRAMVectors               
20000270  __stack                       
20000470  __STACK_TOP                   
20000a70  __STACK_END                   
20000a70  _sys_memory                   
20000edc  _timeout_ticks                
20000ee0  button_event                  
20000ee4  button_num                    
20000ee8  falling_time                  
20000eec  rising_time                   
20000ef0  flag                          
20000ef1  state                         
20000ef2  uart_data                     
20000ef4  motor_cal_factor_L            
20000ef8  motor_cal_factor_R            
20000f14  _lock                         
20000f18  _unlock                       
20000f24  overflow                      
20000f28  errno                         
20000f2c  _running                      
ffffffff  __TI_pprof_out_hndl           
ffffffff  __TI_prof_data_size           
ffffffff  __TI_prof_data_start          
ffffffff  __binit__                     
ffffffff  __c_args__                    
ffffffff  binit                         
UNDEFED   __mpu_init                    
UNDEFED   _system_post_cinit            

[194 symbols]
