<?xml version="1.0" encoding="ISO-8859-1" ?>
<link_info>
   <banner>TI ARM Linker PC v20.2.7.LTS</banner>
   <copyright>Copyright (c) 1996-2018 Texas Instruments Incorporated</copyright>
   <link_time>0x6572660d</link_time>
   <link_errors>0x0</link_errors>
   <output_file>Final Project Parts.out</output_file>
   <entry_point>
      <name>_c_int00_noargs</name>
      <address>0x5dad</address>
   </entry_point>
   <input_file_list>
      <input_file id="fl-2">
         <path>.\</path>
         <kind>object</kind>
         <file>ADC.obj</file>
         <name>ADC.obj</name>
      </input_file>
      <input_file id="fl-3">
         <path>.\</path>
         <kind>object</kind>
         <file>Timer.obj</file>
         <name>Timer.obj</name>
      </input_file>
      <input_file id="fl-4">
         <path>.\</path>
         <kind>object</kind>
         <file>button.obj</file>
         <name>button.obj</name>
      </input_file>
      <input_file id="fl-5">
         <path>.\</path>
         <kind>object</kind>
         <file>helperfunctions.obj</file>
         <name>helperfunctions.obj</name>
      </input_file>
      <input_file id="fl-6">
         <path>.\</path>
         <kind>object</kind>
         <file>lcd.obj</file>
         <name>lcd.obj</name>
      </input_file>
      <input_file id="fl-7">
         <path>.\</path>
         <kind>object</kind>
         <file>main.obj</file>
         <name>main.obj</name>
      </input_file>
      <input_file id="fl-8">
         <path>.\</path>
         <kind>object</kind>
         <file>missioncommands.obj</file>
         <name>missioncommands.obj</name>
      </input_file>
      <input_file id="fl-9">
         <path>.\</path>
         <kind>object</kind>
         <file>movement.obj</file>
         <name>movement.obj</name>
      </input_file>
      <input_file id="fl-a">
         <path>.\</path>
         <kind>object</kind>
         <file>open_interface.obj</file>
         <name>open_interface.obj</name>
      </input_file>
      <input_file id="fl-b">
         <path>.\</path>
         <kind>object</kind>
         <file>ping.obj</file>
         <name>ping.obj</name>
      </input_file>
      <input_file id="fl-c">
         <path>.\</path>
         <kind>object</kind>
         <file>senddata.obj</file>
         <name>senddata.obj</name>
      </input_file>
      <input_file id="fl-d">
         <path>.\</path>
         <kind>object</kind>
         <file>servo.obj</file>
         <name>servo.obj</name>
      </input_file>
      <input_file id="fl-e">
         <path>.\</path>
         <kind>object</kind>
         <file>tm4c123gh6pm_startup_ccs.obj</file>
         <name>tm4c123gh6pm_startup_ccs.obj</name>
      </input_file>
      <input_file id="fl-f">
         <path>.\</path>
         <kind>object</kind>
         <file>uart_extra_help.obj</file>
         <name>uart_extra_help.obj</name>
      </input_file>
      <input_file id="fl-14">
         <kind>object</kind>
         <file>&lt;internal&gt;</file>
         <name>&lt;internal&gt;</name>
      </input_file>
      <input_file id="fl-ca">
         <path>C:\ti\ccs1230\ccs\tools\compiler\ti-cgt-arm_20.2.7.LTS\lib\</path>
         <kind>archive</kind>
         <file>rtsv7M4_T_le_v4SPD16_eabi.lib</file>
         <name>s_cosf.c.obj</name>
      </input_file>
      <input_file id="fl-cb">
         <path>C:\ti\ccs1230\ccs\tools\compiler\ti-cgt-arm_20.2.7.LTS\lib\</path>
         <kind>archive</kind>
         <file>rtsv7M4_T_le_v4SPD16_eabi.lib</file>
         <name>s_roundf.c.obj</name>
      </input_file>
      <input_file id="fl-cc">
         <path>C:\ti\ccs1230\ccs\tools\compiler\ti-cgt-arm_20.2.7.LTS\lib\</path>
         <kind>archive</kind>
         <file>rtsv7M4_T_le_v4SPD16_eabi.lib</file>
         <name>s_sinf.c.obj</name>
      </input_file>
      <input_file id="fl-cd">
         <path>C:\ti\ccs1230\ccs\tools\compiler\ti-cgt-arm_20.2.7.LTS\lib\</path>
         <kind>archive</kind>
         <file>rtsv7M4_T_le_v4SPD16_eabi.lib</file>
         <name>s_tanf.c.obj</name>
      </input_file>
      <input_file id="fl-ce">
         <path>C:\ti\ccs1230\ccs\tools\compiler\ti-cgt-arm_20.2.7.LTS\lib\</path>
         <kind>archive</kind>
         <file>rtsv7M4_T_le_v4SPD16_eabi.lib</file>
         <name>e_pow.c.obj</name>
      </input_file>
      <input_file id="fl-cf">
         <path>C:\ti\ccs1230\ccs\tools\compiler\ti-cgt-arm_20.2.7.LTS\lib\</path>
         <kind>archive</kind>
         <file>rtsv7M4_T_le_v4SPD16_eabi.lib</file>
         <name>e_sqrt.c.obj</name>
      </input_file>
      <input_file id="fl-d0">
         <path>C:\ti\ccs1230\ccs\tools\compiler\ti-cgt-arm_20.2.7.LTS\lib\</path>
         <kind>archive</kind>
         <file>rtsv7M4_T_le_v4SPD16_eabi.lib</file>
         <name>s_scalbn.c.obj</name>
      </input_file>
      <input_file id="fl-d1">
         <path>C:\ti\ccs1230\ccs\tools\compiler\ti-cgt-arm_20.2.7.LTS\lib\</path>
         <kind>archive</kind>
         <file>rtsv7M4_T_le_v4SPD16_eabi.lib</file>
         <name>snprintf.c.obj</name>
      </input_file>
      <input_file id="fl-d2">
         <path>C:\ti\ccs1230\ccs\tools\compiler\ti-cgt-arm_20.2.7.LTS\lib\</path>
         <kind>archive</kind>
         <file>rtsv7M4_T_le_v4SPD16_eabi.lib</file>
         <name>sprintf.c.obj</name>
      </input_file>
      <input_file id="fl-d3">
         <path>C:\ti\ccs1230\ccs\tools\compiler\ti-cgt-arm_20.2.7.LTS\lib\</path>
         <kind>archive</kind>
         <file>rtsv7M4_T_le_v4SPD16_eabi.lib</file>
         <name>vsnprintf.c.obj</name>
      </input_file>
      <input_file id="fl-d4">
         <path>C:\ti\ccs1230\ccs\tools\compiler\ti-cgt-arm_20.2.7.LTS\lib\</path>
         <kind>archive</kind>
         <file>rtsv7M4_T_le_v4SPD16_eabi.lib</file>
         <name>fd_add_t2.asm.obj</name>
      </input_file>
      <input_file id="fl-d5">
         <path>C:\ti\ccs1230\ccs\tools\compiler\ti-cgt-arm_20.2.7.LTS\lib\</path>
         <kind>archive</kind>
         <file>rtsv7M4_T_le_v4SPD16_eabi.lib</file>
         <name>fd_cmp_t2.asm.obj</name>
      </input_file>
      <input_file id="fl-d6">
         <path>C:\ti\ccs1230\ccs\tools\compiler\ti-cgt-arm_20.2.7.LTS\lib\</path>
         <kind>archive</kind>
         <file>rtsv7M4_T_le_v4SPD16_eabi.lib</file>
         <name>fd_div_t2.asm.obj</name>
      </input_file>
      <input_file id="fl-d7">
         <path>C:\ti\ccs1230\ccs\tools\compiler\ti-cgt-arm_20.2.7.LTS\lib\</path>
         <kind>archive</kind>
         <file>rtsv7M4_T_le_v4SPD16_eabi.lib</file>
         <name>fd_mul_t2.asm.obj</name>
      </input_file>
      <input_file id="fl-d8">
         <path>C:\ti\ccs1230\ccs\tools\compiler\ti-cgt-arm_20.2.7.LTS\lib\</path>
         <kind>archive</kind>
         <file>rtsv7M4_T_le_v4SPD16_eabi.lib</file>
         <name>fd_toi_t2.asm.obj</name>
      </input_file>
      <input_file id="fl-d9">
         <path>C:\ti\ccs1230\ccs\tools\compiler\ti-cgt-arm_20.2.7.LTS\lib\</path>
         <kind>archive</kind>
         <file>rtsv7M4_T_le_v4SPD16_eabi.lib</file>
         <name>fd_tos_t2.asm.obj</name>
      </input_file>
      <input_file id="fl-da">
         <path>C:\ti\ccs1230\ccs\tools\compiler\ti-cgt-arm_20.2.7.LTS\lib\</path>
         <kind>archive</kind>
         <file>rtsv7M4_T_le_v4SPD16_eabi.lib</file>
         <name>fs_tod_t2.asm.obj</name>
      </input_file>
      <input_file id="fl-db">
         <path>C:\ti\ccs1230\ccs\tools\compiler\ti-cgt-arm_20.2.7.LTS\lib\</path>
         <kind>archive</kind>
         <file>rtsv7M4_T_le_v4SPD16_eabi.lib</file>
         <name>i_tofd_t2.asm.obj</name>
      </input_file>
      <input_file id="fl-dc">
         <path>C:\ti\ccs1230\ccs\tools\compiler\ti-cgt-arm_20.2.7.LTS\lib\</path>
         <kind>archive</kind>
         <file>rtsv7M4_T_le_v4SPD16_eabi.lib</file>
         <name>memcpy_t2.asm.obj</name>
      </input_file>
      <input_file id="fl-dd">
         <path>C:\ti\ccs1230\ccs\tools\compiler\ti-cgt-arm_20.2.7.LTS\lib\</path>
         <kind>archive</kind>
         <file>rtsv7M4_T_le_v4SPD16_eabi.lib</file>
         <name>u_tofd_t2.asm.obj</name>
      </input_file>
      <input_file id="fl-de">
         <path>C:\ti\ccs1230\ccs\tools\compiler\ti-cgt-arm_20.2.7.LTS\lib\</path>
         <kind>archive</kind>
         <file>rtsv7M4_T_le_v4SPD16_eabi.lib</file>
         <name>memset_t2.asm.obj</name>
      </input_file>
      <input_file id="fl-df">
         <path>C:\ti\ccs1230\ccs\tools\compiler\ti-cgt-arm_20.2.7.LTS\lib\</path>
         <kind>archive</kind>
         <file>rtsv7M4_T_le_v4SPD16_eabi.lib</file>
         <name>copy_zero_init.c.obj</name>
      </input_file>
      <input_file id="fl-e0">
         <path>C:\ti\ccs1230\ccs\tools\compiler\ti-cgt-arm_20.2.7.LTS\lib\</path>
         <kind>archive</kind>
         <file>rtsv7M4_T_le_v4SPD16_eabi.lib</file>
         <name>copy_decompress_none.c.obj</name>
      </input_file>
      <input_file id="fl-e1">
         <path>C:\ti\ccs1230\ccs\tools\compiler\ti-cgt-arm_20.2.7.LTS\lib\</path>
         <kind>archive</kind>
         <file>rtsv7M4_T_le_v4SPD16_eabi.lib</file>
         <name>copy_decompress_lzss.c.obj</name>
      </input_file>
      <input_file id="fl-e2">
         <path>C:\ti\ccs1230\ccs\tools\compiler\ti-cgt-arm_20.2.7.LTS\lib\</path>
         <kind>archive</kind>
         <file>rtsv7M4_T_le_v4SPD16_eabi.lib</file>
         <name>memory.c.obj</name>
      </input_file>
      <input_file id="fl-e3">
         <path>C:\ti\ccs1230\ccs\tools\compiler\ti-cgt-arm_20.2.7.LTS\lib\</path>
         <kind>archive</kind>
         <file>rtsv7M4_T_le_v4SPD16_eabi.lib</file>
         <name>strcmp.c.obj</name>
      </input_file>
      <input_file id="fl-e4">
         <path>C:\ti\ccs1230\ccs\tools\compiler\ti-cgt-arm_20.2.7.LTS\lib\</path>
         <kind>archive</kind>
         <file>rtsv7M4_T_le_v4SPD16_eabi.lib</file>
         <name>strcpy.c.obj</name>
      </input_file>
      <input_file id="fl-e5">
         <path>C:\ti\ccs1230\ccs\tools\compiler\ti-cgt-arm_20.2.7.LTS\lib\</path>
         <kind>archive</kind>
         <file>rtsv7M4_T_le_v4SPD16_eabi.lib</file>
         <name>strlen.c.obj</name>
      </input_file>
      <input_file id="fl-e6">
         <path>C:\ti\ccs1230\ccs\tools\compiler\ti-cgt-arm_20.2.7.LTS\lib\</path>
         <kind>archive</kind>
         <file>rtsv7M4_T_le_v4SPD16_eabi.lib</file>
         <name>boot_cortex_m.c.obj</name>
      </input_file>
      <input_file id="fl-e7">
         <path>C:\ti\ccs1230\ccs\tools\compiler\ti-cgt-arm_20.2.7.LTS\lib\</path>
         <kind>archive</kind>
         <file>rtsv7M4_T_le_v4SPD16_eabi.lib</file>
         <name>errno.c.obj</name>
      </input_file>
      <input_file id="fl-e8">
         <path>C:\ti\ccs1230\ccs\tools\compiler\ti-cgt-arm_20.2.7.LTS\lib\</path>
         <kind>archive</kind>
         <file>rtsv7M4_T_le_v4SPD16_eabi.lib</file>
         <name>s_floorf.c.obj</name>
      </input_file>
      <input_file id="fl-e9">
         <path>C:\ti\ccs1230\ccs\tools\compiler\ti-cgt-arm_20.2.7.LTS\lib\</path>
         <kind>archive</kind>
         <file>rtsv7M4_T_le_v4SPD16_eabi.lib</file>
         <name>s_copysign.c.obj</name>
      </input_file>
      <input_file id="fl-ea">
         <path>C:\ti\ccs1230\ccs\tools\compiler\ti-cgt-arm_20.2.7.LTS\lib\</path>
         <kind>archive</kind>
         <file>rtsv7M4_T_le_v4SPD16_eabi.lib</file>
         <name>_printfi.c.obj</name>
      </input_file>
      <input_file id="fl-eb">
         <path>C:\ti\ccs1230\ccs\tools\compiler\ti-cgt-arm_20.2.7.LTS\lib\</path>
         <kind>archive</kind>
         <file>rtsv7M4_T_le_v4SPD16_eabi.lib</file>
         <name>ull_div_t2.asm.obj</name>
      </input_file>
      <input_file id="fl-ec">
         <path>C:\ti\ccs1230\ccs\tools\compiler\ti-cgt-arm_20.2.7.LTS\lib\</path>
         <kind>archive</kind>
         <file>rtsv7M4_T_le_v4SPD16_eabi.lib</file>
         <name>autoinit.c.obj</name>
      </input_file>
      <input_file id="fl-ed">
         <path>C:\ti\ccs1230\ccs\tools\compiler\ti-cgt-arm_20.2.7.LTS\lib\</path>
         <kind>archive</kind>
         <file>rtsv7M4_T_le_v4SPD16_eabi.lib</file>
         <name>pre_init.c.obj</name>
      </input_file>
      <input_file id="fl-ee">
         <path>C:\ti\ccs1230\ccs\tools\compiler\ti-cgt-arm_20.2.7.LTS\lib\</path>
         <kind>archive</kind>
         <file>rtsv7M4_T_le_v4SPD16_eabi.lib</file>
         <name>cpy_tbl.c.obj</name>
      </input_file>
      <input_file id="fl-ef">
         <path>C:\ti\ccs1230\ccs\tools\compiler\ti-cgt-arm_20.2.7.LTS\lib\</path>
         <kind>archive</kind>
         <file>rtsv7M4_T_le_v4SPD16_eabi.lib</file>
         <name>exit.c.obj</name>
      </input_file>
      <input_file id="fl-f0">
         <path>C:\ti\ccs1230\ccs\tools\compiler\ti-cgt-arm_20.2.7.LTS\lib\</path>
         <kind>archive</kind>
         <file>rtsv7M4_T_le_v4SPD16_eabi.lib</file>
         <name>_lock.c.obj</name>
      </input_file>
      <input_file id="fl-f1">
         <path>C:\ti\ccs1230\ccs\tools\compiler\ti-cgt-arm_20.2.7.LTS\lib\</path>
         <kind>archive</kind>
         <file>rtsv7M4_T_le_v4SPD16_eabi.lib</file>
         <name>_ltoa.c.obj</name>
      </input_file>
      <input_file id="fl-f2">
         <path>C:\ti\ccs1230\ccs\tools\compiler\ti-cgt-arm_20.2.7.LTS\lib\</path>
         <kind>archive</kind>
         <file>rtsv7M4_T_le_v4SPD16_eabi.lib</file>
         <name>args_main.c.obj</name>
      </input_file>
      <input_file id="fl-f3">
         <path>C:\ti\ccs1230\ccs\tools\compiler\ti-cgt-arm_20.2.7.LTS\lib\</path>
         <kind>archive</kind>
         <file>rtsv7M4_T_le_v4SPD16_eabi.lib</file>
         <name>atoi.c.obj</name>
      </input_file>
      <input_file id="fl-f4">
         <path>C:\ti\ccs1230\ccs\tools\compiler\ti-cgt-arm_20.2.7.LTS\lib\</path>
         <kind>archive</kind>
         <file>rtsv7M4_T_le_v4SPD16_eabi.lib</file>
         <name>ctype.c.obj</name>
      </input_file>
      <input_file id="fl-f5">
         <path>C:\ti\ccs1230\ccs\tools\compiler\ti-cgt-arm_20.2.7.LTS\lib\</path>
         <kind>archive</kind>
         <file>rtsv7M4_T_le_v4SPD16_eabi.lib</file>
         <name>memccpy.c.obj</name>
      </input_file>
      <input_file id="fl-f6">
         <path>C:\ti\ccs1230\ccs\tools\compiler\ti-cgt-arm_20.2.7.LTS\lib\</path>
         <kind>archive</kind>
         <file>rtsv7M4_T_le_v4SPD16_eabi.lib</file>
         <name>strchr.c.obj</name>
      </input_file>
      <input_file id="fl-f7">
         <path>C:\ti\ccs1230\ccs\tools\compiler\ti-cgt-arm_20.2.7.LTS\lib\</path>
         <kind>archive</kind>
         <file>rtsv7M4_T_le_v4SPD16_eabi.lib</file>
         <name>wcslen.c.obj</name>
      </input_file>
      <input_file id="fl-f8">
         <path>C:\ti\ccs1230\ccs\tools\compiler\ti-cgt-arm_20.2.7.LTS\lib\</path>
         <kind>archive</kind>
         <file>rtsv7M4_T_le_v4SPD16_eabi.lib</file>
         <name>s_frexp.c.obj</name>
      </input_file>
      <input_file id="fl-f9">
         <path>C:\ti\ccs1230\ccs\tools\compiler\ti-cgt-arm_20.2.7.LTS\lib\</path>
         <kind>archive</kind>
         <file>rtsv7M4_T_le_v4SPD16_eabi.lib</file>
         <name>div0.asm.obj</name>
      </input_file>
      <input_file id="fl-fa">
         <path>C:\ti\TivaWare_C_Series-2.2.0.295\driverlib\ccs\Debug\</path>
         <kind>archive</kind>
         <file>driverlib.lib</file>
         <name>interrupt.obj</name>
      </input_file>
      <input_file id="fl-fb">
         <path>C:\ti\TivaWare_C_Series-2.2.0.295\driverlib\ccs\Debug\</path>
         <kind>archive</kind>
         <file>driverlib.lib</file>
         <name>cpu.obj</name>
      </input_file>
   </input_file_list>
   <object_component_list>
      <object_component id="oc-12">
         <name>.intvecs</name>
         <load_address>0x0</load_address>
         <run_address>0x0</run_address>
         <size>0x26c</size>
         <input_file_ref idref="fl-e"/>
      </object_component>
      <object_component id="oc-ef">
         <name>.text</name>
         <load_address>0x26c</load_address>
         <run_address>0x26c</run_address>
         <size>0xc20</size>
         <input_file_ref idref="fl-a"/>
      </object_component>
      <object_component id="oc-251">
         <name>.text:__TI_printfi</name>
         <load_address>0xe8c</load_address>
         <run_address>0xe8c</run_address>
         <size>0xa4e</size>
         <input_file_ref idref="fl-ea"/>
      </object_component>
      <object_component id="oc-319">
         <name>.text:_nop</name>
         <load_address>0x18da</load_address>
         <run_address>0x18da</run_address>
         <size>0x2</size>
         <input_file_ref idref="fl-f0"/>
      </object_component>
      <object_component id="oc-1ca">
         <name>.text:pow</name>
         <load_address>0x18dc</load_address>
         <run_address>0x18dc</run_address>
         <size>0x9d0</size>
         <input_file_ref idref="fl-ce"/>
      </object_component>
      <object_component id="oc-1ec">
         <name>.text</name>
         <load_address>0x22ac</load_address>
         <run_address>0x22ac</run_address>
         <size>0x61a</size>
         <input_file_ref idref="fl-5"/>
      </object_component>
      <object_component id="oc-47d">
         <name>.text</name>
         <load_address>0x28c6</load_address>
         <run_address>0x28c6</run_address>
         <size>0x2</size>
         <input_file_ref idref="fl-f9"/>
      </object_component>
      <object_component id="oc-107">
         <name>.text</name>
         <load_address>0x28c8</load_address>
         <run_address>0x28c8</run_address>
         <size>0x52c</size>
         <input_file_ref idref="fl-8"/>
      </object_component>
      <object_component id="oc-1f2">
         <name>.text</name>
         <load_address>0x2df4</load_address>
         <run_address>0x2df4</run_address>
         <size>0x41c</size>
         <input_file_ref idref="fl-9"/>
      </object_component>
      <object_component id="oc-dc">
         <name>.text</name>
         <load_address>0x3210</load_address>
         <run_address>0x3210</run_address>
         <size>0x328</size>
         <input_file_ref idref="fl-6"/>
      </object_component>
      <object_component id="oc-101">
         <name>.text</name>
         <load_address>0x3538</load_address>
         <run_address>0x3538</run_address>
         <size>0x324</size>
         <input_file_ref idref="fl-b"/>
      </object_component>
      <object_component id="oc-fb">
         <name>.text</name>
         <load_address>0x385c</load_address>
         <run_address>0x385c</run_address>
         <size>0x2e8</size>
         <input_file_ref idref="fl-d"/>
      </object_component>
      <object_component id="oc-36a">
         <name>.text:_pconv_a</name>
         <load_address>0x3b44</load_address>
         <run_address>0x3b44</run_address>
         <size>0x270</size>
         <input_file_ref idref="fl-ea"/>
      </object_component>
      <object_component id="oc-d6">
         <name>.text</name>
         <load_address>0x3db4</load_address>
         <run_address>0x3db4</run_address>
         <size>0x248</size>
         <input_file_ref idref="fl-3"/>
      </object_component>
      <object_component id="oc-e9">
         <name>.text</name>
         <load_address>0x3ffc</load_address>
         <run_address>0x3ffc</run_address>
         <size>0x1dc</size>
         <input_file_ref idref="fl-f"/>
      </object_component>
      <object_component id="oc-358">
         <name>.text:_pconv_g</name>
         <load_address>0x41d8</load_address>
         <run_address>0x41d8</run_address>
         <size>0x1d0</size>
         <input_file_ref idref="fl-ea"/>
      </object_component>
      <object_component id="oc-f5">
         <name>.text</name>
         <load_address>0x43a8</load_address>
         <run_address>0x43a8</run_address>
         <size>0x1bc</size>
         <input_file_ref idref="fl-2"/>
      </object_component>
      <object_component id="oc-194">
         <name>.text</name>
         <load_address>0x4564</load_address>
         <run_address>0x4564</run_address>
         <size>0x1b6</size>
         <input_file_ref idref="fl-d4"/>
      </object_component>
      <object_component id="oc-1d1">
         <name>.text</name>
         <load_address>0x471c</load_address>
         <run_address>0x471c</run_address>
         <size>0x160</size>
         <input_file_ref idref="fl-4"/>
      </object_component>
      <object_component id="oc-2a4">
         <name>.text:sqrt</name>
         <load_address>0x487c</load_address>
         <run_address>0x487c</run_address>
         <size>0x158</size>
         <input_file_ref idref="fl-cf"/>
      </object_component>
      <object_component id="oc-364">
         <name>.text:_pconv_e</name>
         <load_address>0x49d4</load_address>
         <run_address>0x49d4</run_address>
         <size>0x13c</size>
         <input_file_ref idref="fl-ea"/>
      </object_component>
      <object_component id="oc-185">
         <name>.text</name>
         <load_address>0x4b10</load_address>
         <run_address>0x4b10</run_address>
         <size>0x136</size>
         <input_file_ref idref="fl-d6"/>
      </object_component>
      <object_component id="oc-423">
         <name>.text:fcvt</name>
         <load_address>0x4c48</load_address>
         <run_address>0x4c48</run_address>
         <size>0x124</size>
         <input_file_ref idref="fl-ea"/>
      </object_component>
      <object_component id="oc-2bd">
         <name>.text:scalbn</name>
         <load_address>0x4d6c</load_address>
         <run_address>0x4d6c</run_address>
         <size>0x110</size>
         <input_file_ref idref="fl-d0"/>
      </object_component>
      <object_component id="oc-390">
         <name>.text:aligned_alloc</name>
         <load_address>0x4e7c</load_address>
         <run_address>0x4e7c</run_address>
         <size>0x100</size>
         <input_file_ref idref="fl-e2"/>
      </object_component>
      <object_component id="oc-180">
         <name>.text</name>
         <load_address>0x4f7c</load_address>
         <run_address>0x4f7c</run_address>
         <size>0xfc</size>
         <input_file_ref idref="fl-d7"/>
      </object_component>
      <object_component id="oc-1a9">
         <name>.text:free</name>
         <load_address>0x5078</load_address>
         <run_address>0x5078</run_address>
         <size>0xe4</size>
         <input_file_ref idref="fl-e2"/>
      </object_component>
      <object_component id="oc-2e2">
         <name>.text:cosf</name>
         <load_address>0x515c</load_address>
         <run_address>0x515c</run_address>
         <size>0xb4</size>
         <input_file_ref idref="fl-ca"/>
      </object_component>
      <object_component id="oc-352">
         <name>.text:_ltostr</name>
         <load_address>0x5210</load_address>
         <run_address>0x5210</run_address>
         <size>0xb1</size>
         <input_file_ref idref="fl-ea"/>
      </object_component>
      <object_component id="oc-1e6">
         <name>.text:tanf</name>
         <load_address>0x52c4</load_address>
         <run_address>0x52c4</run_address>
         <size>0xac</size>
         <input_file_ref idref="fl-cd"/>
      </object_component>
      <object_component id="oc-2e8">
         <name>.text:sinf</name>
         <load_address>0x5370</load_address>
         <run_address>0x5370</run_address>
         <size>0xa4</size>
         <input_file_ref idref="fl-cc"/>
      </object_component>
      <object_component id="oc-3e">
         <name>.text</name>
         <load_address>0x5414</load_address>
         <run_address>0x5414</run_address>
         <size>0x9c</size>
         <input_file_ref idref="fl-dc"/>
      </object_component>
      <object_component id="oc-40a">
         <name>.text</name>
         <load_address>0x54b0</load_address>
         <run_address>0x54b0</run_address>
         <size>0x96</size>
         <input_file_ref idref="fl-eb"/>
      </object_component>
      <object_component id="oc-2b3">
         <name>.text:__aeabi_cdcmple</name>
         <load_address>0x5546</load_address>
         <run_address>0x5546</run_address>
         <size>0x86</size>
         <input_file_ref idref="fl-d5"/>
      </object_component>
      <object_component id="oc-2b8">
         <name>.text:__aeabi_cdrcmple</name>
         <load_address>0x55cc</load_address>
         <run_address>0x55cc</run_address>
         <size>0x86</size>
         <input_file_ref idref="fl-d5"/>
      </object_component>
      <object_component id="oc-3e3">
         <name>.text:floorf</name>
         <load_address>0x5654</load_address>
         <run_address>0x5654</run_address>
         <size>0x80</size>
         <input_file_ref idref="fl-e8"/>
      </object_component>
      <object_component id="oc-96">
         <name>.text</name>
         <load_address>0x56d4</load_address>
         <run_address>0x56d4</run_address>
         <size>0x7a</size>
         <input_file_ref idref="fl-de"/>
      </object_component>
      <object_component id="oc-453">
         <name>.text:split</name>
         <load_address>0x5750</load_address>
         <run_address>0x5750</run_address>
         <size>0x70</size>
         <input_file_ref idref="fl-e2"/>
      </object_component>
      <object_component id="oc-41c">
         <name>.text:_mcpy</name>
         <load_address>0x57c0</load_address>
         <run_address>0x57c0</run_address>
         <size>0x6e</size>
         <input_file_ref idref="fl-ea"/>
      </object_component>
      <object_component id="oc-2f4">
         <name>.text:roundf</name>
         <load_address>0x582e</load_address>
         <run_address>0x582e</run_address>
         <size>0x6e</size>
         <input_file_ref idref="fl-cb"/>
      </object_component>
      <object_component id="oc-18a">
         <name>.text</name>
         <load_address>0x589c</load_address>
         <run_address>0x589c</run_address>
         <size>0x6e</size>
         <input_file_ref idref="fl-d9"/>
      </object_component>
      <object_component id="oc-15">
         <name>.text:decompress:lzss:__TI_decompress_lzss</name>
         <load_address>0x590a</load_address>
         <run_address>0x590a</run_address>
         <size>0x68</size>
         <input_file_ref idref="fl-e1"/>
      </object_component>
      <object_component id="oc-431">
         <name>.text:frexp</name>
         <load_address>0x5974</load_address>
         <run_address>0x5974</run_address>
         <size>0x64</size>
         <input_file_ref idref="fl-f8"/>
      </object_component>
      <object_component id="oc-35e">
         <name>.text:_pconv_f</name>
         <load_address>0x59d8</load_address>
         <run_address>0x59d8</run_address>
         <size>0x56</size>
         <input_file_ref idref="fl-ea"/>
      </object_component>
      <object_component id="oc-410">
         <name>.text:__TI_ltoa</name>
         <load_address>0x5a2e</load_address>
         <run_address>0x5a2e</run_address>
         <size>0x54</size>
         <input_file_ref idref="fl-f1"/>
      </object_component>
      <object_component id="oc-416">
         <name>.text:_ecpy</name>
         <load_address>0x5a82</load_address>
         <run_address>0x5a82</run_address>
         <size>0x52</size>
         <input_file_ref idref="fl-ea"/>
      </object_component>
      <object_component id="oc-a2">
         <name>.text</name>
         <load_address>0x5ad4</load_address>
         <run_address>0x5ad4</run_address>
         <size>0x50</size>
         <input_file_ref idref="fl-7"/>
      </object_component>
      <object_component id="oc-34c">
         <name>.text:atoi</name>
         <load_address>0x5b24</load_address>
         <run_address>0x5b24</run_address>
         <size>0x4c</size>
         <input_file_ref idref="fl-f3"/>
      </object_component>
      <object_component id="oc-2ee">
         <name>.text:snprintf</name>
         <load_address>0x5b70</load_address>
         <run_address>0x5b70</run_address>
         <size>0x4c</size>
         <input_file_ref idref="fl-d1"/>
      </object_component>
      <object_component id="oc-199">
         <name>.text</name>
         <load_address>0x5bbc</load_address>
         <run_address>0x5bbc</run_address>
         <size>0x48</size>
         <input_file_ref idref="fl-d8"/>
      </object_component>
      <object_component id="oc-11e">
         <name>.text:__TI_auto_init_nobinit_nopinit:__TI_auto_init_nobinit_nopinit</name>
         <load_address>0x5c04</load_address>
         <run_address>0x5c04</run_address>
         <size>0x44</size>
         <input_file_ref idref="fl-ec"/>
      </object_component>
      <object_component id="oc-2cb">
         <name>.text:sprintf</name>
         <load_address>0x5c48</load_address>
         <run_address>0x5c48</run_address>
         <size>0x40</size>
         <input_file_ref idref="fl-d2"/>
      </object_component>
      <object_component id="oc-15f">
         <name>.text:vsnprintf</name>
         <load_address>0x5c88</load_address>
         <run_address>0x5c88</run_address>
         <size>0x40</size>
         <input_file_ref idref="fl-d3"/>
      </object_component>
      <object_component id="oc-429">
         <name>.text:_fcpy</name>
         <load_address>0x5cc8</load_address>
         <run_address>0x5cc8</run_address>
         <size>0x3e</size>
         <input_file_ref idref="fl-ea"/>
      </object_component>
      <object_component id="oc-1a3">
         <name>.text:calloc</name>
         <load_address>0x5d08</load_address>
         <run_address>0x5d08</run_address>
         <size>0x38</size>
         <input_file_ref idref="fl-e2"/>
      </object_component>
      <object_component id="oc-18f">
         <name>.text</name>
         <load_address>0x5d40</load_address>
         <run_address>0x5d40</run_address>
         <size>0x38</size>
         <input_file_ref idref="fl-da"/>
      </object_component>
      <object_component id="oc-152">
         <name>.text:IntRegister</name>
         <load_address>0x5d78</load_address>
         <run_address>0x5d78</run_address>
         <size>0x34</size>
         <input_file_ref idref="fl-fa"/>
      </object_component>
      <object_component id="oc-5c">
         <name>.text:_c_int00_noargs:_c_int00_noargs</name>
         <load_address>0x5dac</load_address>
         <run_address>0x5dac</run_address>
         <size>0x34</size>
         <input_file_ref idref="fl-e6"/>
      </object_component>
      <object_component id="oc-3d0">
         <name>.text:_outs</name>
         <load_address>0x5de0</load_address>
         <run_address>0x5de0</run_address>
         <size>0x30</size>
         <input_file_ref idref="fl-d1"/>
      </object_component>
      <object_component id="oc-257">
         <name>.text:_outs</name>
         <load_address>0x5e10</load_address>
         <run_address>0x5e10</run_address>
         <size>0x30</size>
         <input_file_ref idref="fl-d3"/>
      </object_component>
      <object_component id="oc-17b">
         <name>.text</name>
         <load_address>0x5e40</load_address>
         <run_address>0x5e40</run_address>
         <size>0x2e</size>
         <input_file_ref idref="fl-db"/>
      </object_component>
      <object_component id="oc-290">
         <name>.text:free_list_insert</name>
         <load_address>0x5e70</load_address>
         <run_address>0x5e70</run_address>
         <size>0x28</size>
         <input_file_ref idref="fl-e2"/>
      </object_component>
      <object_component id="oc-1d8">
         <name>.text</name>
         <load_address>0x5e98</load_address>
         <run_address>0x5e98</run_address>
         <size>0x20</size>
         <input_file_ref idref="fl-dd"/>
      </object_component>
      <object_component id="oc-4a">
         <name>.text:decompress:ZI:__TI_zero_init_nomemset:__TI_zero_init_nomemset</name>
         <load_address>0x5eb8</load_address>
         <run_address>0x5eb8</run_address>
         <size>0x1c</size>
         <input_file_ref idref="fl-df"/>
      </object_component>
      <object_component id="oc-28a">
         <name>.text:free_list_remove</name>
         <load_address>0x5ed4</load_address>
         <run_address>0x5ed4</run_address>
         <size>0x1c</size>
         <input_file_ref idref="fl-e2"/>
      </object_component>
      <object_component id="oc-370">
         <name>.text:memccpy</name>
         <load_address>0x5ef0</load_address>
         <run_address>0x5ef0</run_address>
         <size>0x1c</size>
         <input_file_ref idref="fl-f5"/>
      </object_component>
      <object_component id="oc-3a8">
         <name>.text:copysign</name>
         <load_address>0x5f0c</load_address>
         <run_address>0x5f0c</run_address>
         <size>0x1a</size>
         <input_file_ref idref="fl-e9"/>
      </object_component>
      <object_component id="oc-3d6">
         <name>.text:_outc</name>
         <load_address>0x5f26</load_address>
         <run_address>0x5f26</run_address>
         <size>0x18</size>
         <input_file_ref idref="fl-d1"/>
      </object_component>
      <object_component id="oc-25d">
         <name>.text:_outc</name>
         <load_address>0x5f3e</load_address>
         <run_address>0x5f3e</run_address>
         <size>0x18</size>
         <input_file_ref idref="fl-d3"/>
      </object_component>
      <object_component id="oc-3bc">
         <name>.text:_outs</name>
         <load_address>0x5f56</load_address>
         <run_address>0x5f56</run_address>
         <size>0x18</size>
         <input_file_ref idref="fl-d2"/>
      </object_component>
      <object_component id="oc-1af">
         <name>.text:oi_parseInt</name>
         <load_address>0x5f6e</load_address>
         <run_address>0x5f6e</run_address>
         <size>0x18</size>
         <input_file_ref idref="fl-a"/>
      </object_component>
      <object_component id="oc-165">
         <name>.text:strcmp</name>
         <load_address>0x5f86</load_address>
         <run_address>0x5f86</run_address>
         <size>0x18</size>
         <input_file_ref idref="fl-e3"/>
      </object_component>
      <object_component id="oc-437">
         <name>.text:strchr</name>
         <load_address>0x5f9e</load_address>
         <run_address>0x5f9e</run_address>
         <size>0x16</size>
         <input_file_ref idref="fl-f6"/>
      </object_component>
      <object_component id="oc-16b">
         <name>.text:strcpy</name>
         <load_address>0x5fb4</load_address>
         <run_address>0x5fb4</run_address>
         <size>0x14</size>
         <input_file_ref idref="fl-e4"/>
      </object_component>
      <object_component id="oc-346">
         <name>.text:strlen</name>
         <load_address>0x5fc8</load_address>
         <run_address>0x5fc8</run_address>
         <size>0x14</size>
         <input_file_ref idref="fl-e5"/>
      </object_component>
      <object_component id="oc-376">
         <name>.text:wcslen</name>
         <load_address>0x5fdc</load_address>
         <run_address>0x5fdc</run_address>
         <size>0x12</size>
         <input_file_ref idref="fl-f7"/>
      </object_component>
      <object_component id="oc-1b6">
         <name>.text:IntMasterEnable</name>
         <load_address>0x5fee</load_address>
         <run_address>0x5fee</run_address>
         <size>0x10</size>
         <input_file_ref idref="fl-fa"/>
      </object_component>
      <object_component id="oc-e2">
         <name>.text:lcd_clear</name>
         <load_address>0x5ffe</load_address>
         <run_address>0x5ffe</run_address>
         <size>0x10</size>
         <input_file_ref idref="fl-6"/>
      </object_component>
      <object_component id="oc-1b">
         <name>.text:decompress:none:__TI_decompress_none</name>
         <load_address>0x600e</load_address>
         <run_address>0x600e</run_address>
         <size>0xe</size>
         <input_file_ref idref="fl-e0"/>
      </object_component>
      <object_component id="oc-297">
         <name>.text:CPUcpsie</name>
         <load_address>0x601c</load_address>
         <run_address>0x601c</run_address>
         <size>0xc</size>
         <input_file_ref idref="fl-fb"/>
      </object_component>
      <object_component id="oc-2a">
         <name>.text</name>
         <load_address>0x6028</load_address>
         <run_address>0x6028</run_address>
         <size>0xc</size>
         <input_file_ref idref="fl-e"/>
      </object_component>
      <object_component id="oc-3c2">
         <name>.text:_outc</name>
         <load_address>0x6034</load_address>
         <run_address>0x6034</run_address>
         <size>0xa</size>
         <input_file_ref idref="fl-d2"/>
      </object_component>
      <object_component id="oc-2aa">
         <name>.text:__aeabi_errno_addr</name>
         <load_address>0x6040</load_address>
         <run_address>0x6040</run_address>
         <size>0x8</size>
         <input_file_ref idref="fl-e7"/>
      </object_component>
      <object_component id="oc-283">
         <name>.text:malloc</name>
         <load_address>0x6048</load_address>
         <run_address>0x6048</run_address>
         <size>0x8</size>
         <input_file_ref idref="fl-e2"/>
      </object_component>
      <object_component id="oc-9c">
         <name>.text:_system_pre_init</name>
         <load_address>0x6050</load_address>
         <run_address>0x6050</run_address>
         <size>0x4</size>
         <input_file_ref idref="fl-ed"/>
      </object_component>
      <object_component id="oc-112">
         <name>.text:abort:abort</name>
         <load_address>0x6054</load_address>
         <run_address>0x6054</run_address>
         <size>0x4</size>
         <input_file_ref idref="fl-ef"/>
      </object_component>
      <object_component id="oc-405">
         <name>.const:.string:_ctypes_</name>
         <load_address>0x6058</load_address>
         <run_address>0x6058</run_address>
         <size>0x101</size>
         <input_file_ref idref="fl-f4"/>
      </object_component>
      <object_component id="oc-210">
         <name>.const:.string:$P$T8$9</name>
         <load_address>0x6159</load_address>
         <run_address>0x6159</run_address>
         <size>0x46</size>
         <input_file_ref idref="fl-8"/>
      </object_component>
      <object_component id="oc-2b0">
         <name>.const:$O1$$</name>
         <load_address>0x61a0</load_address>
         <run_address>0x61a0</run_address>
         <size>0x30</size>
         <input_file_ref idref="fl-ce"/>
      </object_component>
      <object_component id="oc-10d">
         <name>.const:.string:$P$T0$1</name>
         <load_address>0x61d0</load_address>
         <run_address>0x61d0</run_address>
         <size>0x2c</size>
         <input_file_ref idref="fl-7"/>
      </object_component>
      <object_component id="oc-20a">
         <name>.const:.string:$P$T6$7</name>
         <load_address>0x61fc</load_address>
         <run_address>0x61fc</run_address>
         <size>0x26</size>
         <input_file_ref idref="fl-8"/>
      </object_component>
      <object_component id="oc-204">
         <name>.const:.string:$P$T4$5</name>
         <load_address>0x6222</load_address>
         <run_address>0x6222</run_address>
         <size>0x24</size>
         <input_file_ref idref="fl-8"/>
      </object_component>
      <object_component id="oc-1f8">
         <name>.const:.string:$P$T0$1</name>
         <load_address>0x6246</load_address>
         <run_address>0x6246</run_address>
         <size>0x22</size>
         <input_file_ref idref="fl-8"/>
      </object_component>
      <object_component id="oc-201">
         <name>.const:.string:$P$T3$4</name>
         <load_address>0x6268</load_address>
         <run_address>0x6268</run_address>
         <size>0x1f</size>
         <input_file_ref idref="fl-8"/>
      </object_component>
      <object_component id="oc-207">
         <name>.const:.string:$P$T5$6</name>
         <load_address>0x6287</load_address>
         <run_address>0x6287</run_address>
         <size>0x19</size>
         <input_file_ref idref="fl-8"/>
      </object_component>
      <object_component id="oc-1fe">
         <name>.const:.string:$P$T2$3</name>
         <load_address>0x62a0</load_address>
         <run_address>0x62a0</run_address>
         <size>0x13</size>
         <input_file_ref idref="fl-8"/>
      </object_component>
      <object_component id="oc-1fb">
         <name>.const:.string:$P$T1$2</name>
         <load_address>0x62b3</load_address>
         <run_address>0x62b3</run_address>
         <size>0x11</size>
         <input_file_ref idref="fl-8"/>
      </object_component>
      <object_component id="oc-20d">
         <name>.const:.string:$P$T7$8</name>
         <load_address>0x62c4</load_address>
         <run_address>0x62c4</run_address>
         <size>0x11</size>
         <input_file_ref idref="fl-8"/>
      </object_component>
      <object_component id="oc-1bf">
         <name>.const:.string:$P$T0$3</name>
         <load_address>0x62d5</load_address>
         <run_address>0x62d5</run_address>
         <size>0xf</size>
         <input_file_ref idref="fl-a"/>
      </object_component>
      <object_component id="oc-171">
         <name>.const:.string:lineAddress$1</name>
         <load_address>0x62e4</load_address>
         <run_address>0x62e4</run_address>
         <size>0x4</size>
         <input_file_ref idref="fl-6"/>
      </object_component>
      <object_component id="oc-172">
         <name>.const:.string:lineAddresses$2</name>
         <load_address>0x62e8</load_address>
         <run_address>0x62e8</run_address>
         <size>0x4</size>
         <input_file_ref idref="fl-6"/>
      </object_component>
      <object_component id="oc-4d3">
         <name>.cinit..data.load</name>
         <load_address>0x62f0</load_address>
         <run_address>0x62f0</run_address>
         <size>0x19</size>
      </object_component>
      <object_component id="oc-4d0">
         <name>__TI_handler_table</name>
         <load_address>0x630c</load_address>
         <run_address>0x630c</run_address>
         <size>0xc</size>
      </object_component>
      <object_component id="oc-4d4">
         <name>.cinit..bss.load</name>
         <load_address>0x6318</load_address>
         <run_address>0x6318</run_address>
         <size>0x8</size>
      </object_component>
      <object_component id="oc-4d2">
         <name>.cinit..vtable.load</name>
         <load_address>0x6320</load_address>
         <run_address>0x6320</run_address>
         <size>0x8</size>
      </object_component>
      <object_component id="oc-4d1">
         <name>__TI_cinit_table</name>
         <load_address>0x6328</load_address>
         <run_address>0x6328</run_address>
         <size>0x18</size>
      </object_component>
      <object_component id="oc-243">
         <name>.vtable</name>
         <uninitialized>true</uninitialized>
         <run_address>0x20000000</run_address>
         <size>0x26c</size>
         <input_file_ref idref="fl-fa"/>
      </object_component>
      <object_component id="oc-158">
         <name>.data</name>
         <load_address>0x20000f2c</load_address>
         <run_address>0x20000f2c</run_address>
         <size>0x1</size>
         <input_file_ref idref="fl-3"/>
      </object_component>
      <object_component id="oc-2d1">
         <name>.data</name>
         <load_address>0x20000f2d</load_address>
         <run_address>0x20000f2d</run_address>
         <size>0x1</size>
         <input_file_ref idref="fl-4"/>
      </object_component>
      <object_component id="oc-1bc">
         <name>.data</name>
         <load_address>0x20000ef4</load_address>
         <run_address>0x20000ef4</run_address>
         <size>0x20</size>
         <input_file_ref idref="fl-a"/>
      </object_component>
      <object_component id="oc-1e2">
         <name>.data</name>
         <load_address>0x20000f24</load_address>
         <run_address>0x20000f24</run_address>
         <size>0x4</size>
         <input_file_ref idref="fl-b"/>
      </object_component>
      <object_component id="oc-397">
         <name>.data:$O1$$</name>
         <load_address>0x20000f1c</load_address>
         <run_address>0x20000f1c</run_address>
         <size>0x8</size>
         <input_file_ref idref="fl-e2"/>
      </object_component>
      <object_component id="oc-39f">
         <name>.data</name>
         <load_address>0x20000f28</load_address>
         <run_address>0x20000f28</run_address>
         <size>0x4</size>
         <input_file_ref idref="fl-e7"/>
      </object_component>
      <object_component id="oc-227">
         <name>.data:$O1$$</name>
         <load_address>0x20000f14</load_address>
         <run_address>0x20000f14</run_address>
         <size>0x8</size>
         <input_file_ref idref="fl-f0"/>
      </object_component>
      <object_component id="oc-173">
         <name>.bss:lastbuffer$3</name>
         <uninitialized>true</uninitialized>
         <run_address>0x20000e70</run_address>
         <size>0x54</size>
         <input_file_ref idref="fl-6"/>
      </object_component>
      <object_component id="oc-1c2">
         <name>.bss:firmware$2</name>
         <uninitialized>true</uninitialized>
         <run_address>0x20000ec4</run_address>
         <size>0x18</size>
         <input_file_ref idref="fl-a"/>
      </object_component>
      <object_component id="oc-15b">
         <name>.common:_timeout_ticks</name>
         <uninitialized>true</uninitialized>
         <run_address>0x20000edc</run_address>
         <size>0x4</size>
      </object_component>
      <object_component id="oc-2d2">
         <name>.common:button_event</name>
         <uninitialized>true</uninitialized>
         <run_address>0x20000ee0</run_address>
         <size>0x4</size>
      </object_component>
      <object_component id="oc-2d5">
         <name>.common:button_num</name>
         <uninitialized>true</uninitialized>
         <run_address>0x20000ee4</run_address>
         <size>0x4</size>
      </object_component>
      <object_component id="oc-1e0">
         <name>.common:rising_time</name>
         <uninitialized>true</uninitialized>
         <run_address>0x20000eec</run_address>
         <size>0x4</size>
      </object_component>
      <object_component id="oc-1e1">
         <name>.common:falling_time</name>
         <uninitialized>true</uninitialized>
         <run_address>0x20000ee8</run_address>
         <size>0x4</size>
      </object_component>
      <object_component id="oc-1dd">
         <name>.common:state</name>
         <uninitialized>true</uninitialized>
         <run_address>0x20000ef1</run_address>
         <size>0x1</size>
      </object_component>
      <object_component id="oc-1a1">
         <name>.common:uart_data</name>
         <uninitialized>true</uninitialized>
         <run_address>0x20000ef2</run_address>
         <size>0x1</size>
      </object_component>
      <object_component id="oc-19e">
         <name>.common:flag</name>
         <uninitialized>true</uninitialized>
         <run_address>0x20000ef0</run_address>
         <size>0x1</size>
      </object_component>
      <object_component id="oc-24">
         <name>.sysmem</name>
         <uninitialized>true</uninitialized>
         <run_address>0x20000a70</run_address>
         <size>0x10</size>
         <input_file_ref idref="fl-e2"/>
      </object_component>
      <object_component id="oc-4d7">
         <name>.sysmem</name>
         <uninitialized>true</uninitialized>
         <run_address>0x20000a70</run_address>
         <size>0x0</size>
      </object_component>
      <object_component id="oc-27">
         <name>.stack</name>
         <uninitialized>true</uninitialized>
         <run_address>0x20000270</run_address>
         <size>0x4</size>
         <input_file_ref idref="fl-e6"/>
      </object_component>
      <object_component id="oc-4d6">
         <name>.stack</name>
         <uninitialized>true</uninitialized>
         <run_address>0x20000270</run_address>
         <size>0x0</size>
      </object_component>
      <object_component id="oc-c5">
         <name>.debug_info</name>
         <load_address>0x0</load_address>
         <run_address>0x0</run_address>
         <size>0x2c0</size>
         <input_file_ref idref="fl-2"/>
      </object_component>
      <object_component id="oc-f7">
         <name>.debug_info</name>
         <load_address>0x2c0</load_address>
         <run_address>0x2c0</run_address>
         <size>0x29c</size>
         <input_file_ref idref="fl-2"/>
      </object_component>
      <object_component id="oc-77">
         <name>.debug_info</name>
         <load_address>0x55c</load_address>
         <run_address>0x55c</run_address>
         <size>0x26b</size>
         <input_file_ref idref="fl-2"/>
      </object_component>
      <object_component id="oc-39">
         <name>.debug_info</name>
         <load_address>0x7c7</load_address>
         <run_address>0x7c7</run_address>
         <size>0x84</size>
         <input_file_ref idref="fl-2"/>
      </object_component>
      <object_component id="oc-c0">
         <name>.debug_info</name>
         <load_address>0x84b</load_address>
         <run_address>0x84b</run_address>
         <size>0x2a4</size>
         <input_file_ref idref="fl-2"/>
      </object_component>
      <object_component id="oc-7c">
         <name>.debug_info</name>
         <load_address>0xaef</load_address>
         <run_address>0xaef</run_address>
         <size>0xbb</size>
         <input_file_ref idref="fl-2"/>
      </object_component>
      <object_component id="oc-15c">
         <name>.debug_info</name>
         <load_address>0xbaa</load_address>
         <run_address>0xbaa</run_address>
         <size>0x2d5</size>
         <input_file_ref idref="fl-3"/>
      </object_component>
      <object_component id="oc-159">
         <name>.debug_info</name>
         <load_address>0xe7f</load_address>
         <run_address>0xe7f</run_address>
         <size>0xe3</size>
         <input_file_ref idref="fl-3"/>
      </object_component>
      <object_component id="oc-d7">
         <name>.debug_info</name>
         <load_address>0xf62</load_address>
         <run_address>0xf62</run_address>
         <size>0x52b</size>
         <input_file_ref idref="fl-3"/>
      </object_component>
      <object_component id="oc-2d3">
         <name>.debug_info</name>
         <load_address>0x148d</load_address>
         <run_address>0x148d</run_address>
         <size>0x37d</size>
         <input_file_ref idref="fl-4"/>
      </object_component>
      <object_component id="oc-1d4">
         <name>.debug_info</name>
         <load_address>0x180a</load_address>
         <run_address>0x180a</run_address>
         <size>0x36a</size>
         <input_file_ref idref="fl-4"/>
      </object_component>
      <object_component id="oc-275">
         <name>.debug_info</name>
         <load_address>0x1b74</load_address>
         <run_address>0x1b74</run_address>
         <size>0xcc</size>
         <input_file_ref idref="fl-4"/>
      </object_component>
      <object_component id="oc-176">
         <name>.debug_info</name>
         <load_address>0x1c40</load_address>
         <run_address>0x1c40</run_address>
         <size>0x2c</size>
         <input_file_ref idref="fl-4"/>
      </object_component>
      <object_component id="oc-21e">
         <name>.debug_info</name>
         <load_address>0x1c6c</load_address>
         <run_address>0x1c6c</run_address>
         <size>0x35</size>
         <input_file_ref idref="fl-4"/>
      </object_component>
      <object_component id="oc-2fb">
         <name>.debug_info</name>
         <load_address>0x1ca1</load_address>
         <run_address>0x1ca1</run_address>
         <size>0x418</size>
         <input_file_ref idref="fl-5"/>
      </object_component>
      <object_component id="oc-1ed">
         <name>.debug_info</name>
         <load_address>0x20b9</load_address>
         <run_address>0x20b9</run_address>
         <size>0xaeb</size>
         <input_file_ref idref="fl-5"/>
      </object_component>
      <object_component id="oc-3ed">
         <name>.debug_info</name>
         <load_address>0x2ba4</load_address>
         <run_address>0x2ba4</run_address>
         <size>0x110</size>
         <input_file_ref idref="fl-5"/>
      </object_component>
      <object_component id="oc-312">
         <name>.debug_info</name>
         <load_address>0x2cb4</load_address>
         <run_address>0x2cb4</run_address>
         <size>0x7d</size>
         <input_file_ref idref="fl-5"/>
      </object_component>
      <object_component id="oc-175">
         <name>.debug_info</name>
         <load_address>0x2d31</load_address>
         <run_address>0x2d31</run_address>
         <size>0x3a3</size>
         <input_file_ref idref="fl-6"/>
      </object_component>
      <object_component id="oc-e3">
         <name>.debug_info</name>
         <load_address>0x30d4</load_address>
         <run_address>0x30d4</run_address>
         <size>0x138</size>
         <input_file_ref idref="fl-6"/>
      </object_component>
      <object_component id="oc-de">
         <name>.debug_info</name>
         <load_address>0x320c</load_address>
         <run_address>0x320c</run_address>
         <size>0x8c4</size>
         <input_file_ref idref="fl-6"/>
      </object_component>
      <object_component id="oc-111">
         <name>.debug_info</name>
         <load_address>0x3ad0</load_address>
         <run_address>0x3ad0</run_address>
         <size>0x444</size>
         <input_file_ref idref="fl-7"/>
      </object_component>
      <object_component id="oc-10e">
         <name>.debug_info</name>
         <load_address>0x3f14</load_address>
         <run_address>0x3f14</run_address>
         <size>0xdf</size>
         <input_file_ref idref="fl-7"/>
      </object_component>
      <object_component id="oc-a4">
         <name>.debug_info</name>
         <load_address>0x3ff3</load_address>
         <run_address>0x3ff3</run_address>
         <size>0x21a</size>
         <input_file_ref idref="fl-7"/>
      </object_component>
      <object_component id="oc-219">
         <name>.debug_info</name>
         <load_address>0x420d</load_address>
         <run_address>0x420d</run_address>
         <size>0x5aa</size>
         <input_file_ref idref="fl-7"/>
      </object_component>
      <object_component id="oc-214">
         <name>.debug_info</name>
         <load_address>0x47b7</load_address>
         <run_address>0x47b7</run_address>
         <size>0x6f8</size>
         <input_file_ref idref="fl-8"/>
      </object_component>
      <object_component id="oc-1f9">
         <name>.debug_info</name>
         <load_address>0x4eaf</load_address>
         <run_address>0x4eaf</run_address>
         <size>0xea</size>
         <input_file_ref idref="fl-8"/>
      </object_component>
      <object_component id="oc-1fc">
         <name>.debug_info</name>
         <load_address>0x4f99</load_address>
         <run_address>0x4f99</run_address>
         <size>0xea</size>
         <input_file_ref idref="fl-8"/>
      </object_component>
      <object_component id="oc-1ff">
         <name>.debug_info</name>
         <load_address>0x5083</load_address>
         <run_address>0x5083</run_address>
         <size>0xea</size>
         <input_file_ref idref="fl-8"/>
      </object_component>
      <object_component id="oc-202">
         <name>.debug_info</name>
         <load_address>0x516d</load_address>
         <run_address>0x516d</run_address>
         <size>0xea</size>
         <input_file_ref idref="fl-8"/>
      </object_component>
      <object_component id="oc-205">
         <name>.debug_info</name>
         <load_address>0x5257</load_address>
         <run_address>0x5257</run_address>
         <size>0xea</size>
         <input_file_ref idref="fl-8"/>
      </object_component>
      <object_component id="oc-208">
         <name>.debug_info</name>
         <load_address>0x5341</load_address>
         <run_address>0x5341</run_address>
         <size>0xea</size>
         <input_file_ref idref="fl-8"/>
      </object_component>
      <object_component id="oc-20b">
         <name>.debug_info</name>
         <load_address>0x542b</load_address>
         <run_address>0x542b</run_address>
         <size>0xea</size>
         <input_file_ref idref="fl-8"/>
      </object_component>
      <object_component id="oc-20e">
         <name>.debug_info</name>
         <load_address>0x5515</load_address>
         <run_address>0x5515</run_address>
         <size>0xea</size>
         <input_file_ref idref="fl-8"/>
      </object_component>
      <object_component id="oc-211">
         <name>.debug_info</name>
         <load_address>0x55ff</load_address>
         <run_address>0x55ff</run_address>
         <size>0xea</size>
         <input_file_ref idref="fl-8"/>
      </object_component>
      <object_component id="oc-108">
         <name>.debug_info</name>
         <load_address>0x56e9</load_address>
         <run_address>0x56e9</run_address>
         <size>0x914</size>
         <input_file_ref idref="fl-8"/>
      </object_component>
      <object_component id="oc-2fd">
         <name>.debug_info</name>
         <load_address>0x5ffd</load_address>
         <run_address>0x5ffd</run_address>
         <size>0x391</size>
         <input_file_ref idref="fl-9"/>
      </object_component>
      <object_component id="oc-1f3">
         <name>.debug_info</name>
         <load_address>0x638e</load_address>
         <run_address>0x638e</run_address>
         <size>0xb39</size>
         <input_file_ref idref="fl-9"/>
      </object_component>
      <object_component id="oc-cd">
         <name>.debug_info</name>
         <load_address>0x6ec7</load_address>
         <run_address>0x6ec7</run_address>
         <size>0x2c</size>
         <input_file_ref idref="fl-9"/>
      </object_component>
      <object_component id="oc-1c4">
         <name>.debug_info</name>
         <load_address>0x6ef3</load_address>
         <run_address>0x6ef3</run_address>
         <size>0x420</size>
         <input_file_ref idref="fl-a"/>
      </object_component>
      <object_component id="oc-1bd">
         <name>.debug_info</name>
         <load_address>0x7313</load_address>
         <run_address>0x7313</run_address>
         <size>0x135</size>
         <input_file_ref idref="fl-a"/>
      </object_component>
      <object_component id="oc-1c0">
         <name>.debug_info</name>
         <load_address>0x7448</load_address>
         <run_address>0x7448</run_address>
         <size>0xea</size>
         <input_file_ref idref="fl-a"/>
      </object_component>
      <object_component id="oc-1b0">
         <name>.debug_info</name>
         <load_address>0x7532</load_address>
         <run_address>0x7532</run_address>
         <size>0x162</size>
         <input_file_ref idref="fl-a"/>
      </object_component>
      <object_component id="oc-f0">
         <name>.debug_info</name>
         <load_address>0x7694</load_address>
         <run_address>0x7694</run_address>
         <size>0x19ac</size>
         <input_file_ref idref="fl-a"/>
      </object_component>
      <object_component id="oc-1c5">
         <name>.debug_info</name>
         <load_address>0x9040</load_address>
         <run_address>0x9040</run_address>
         <size>0x8b</size>
         <input_file_ref idref="fl-a"/>
      </object_component>
      <object_component id="oc-1de">
         <name>.debug_info</name>
         <load_address>0x90cb</load_address>
         <run_address>0x90cb</run_address>
         <size>0x37f</size>
         <input_file_ref idref="fl-b"/>
      </object_component>
      <object_component id="oc-1e3">
         <name>.debug_info</name>
         <load_address>0x944a</load_address>
         <run_address>0x944a</run_address>
         <size>0xe2</size>
         <input_file_ref idref="fl-b"/>
      </object_component>
      <object_component id="oc-102">
         <name>.debug_info</name>
         <load_address>0x952c</load_address>
         <run_address>0x952c</run_address>
         <size>0x466</size>
         <input_file_ref idref="fl-b"/>
      </object_component>
      <object_component id="oc-2da">
         <name>.debug_info</name>
         <load_address>0x9992</load_address>
         <run_address>0x9992</run_address>
         <size>0x44</size>
         <input_file_ref idref="fl-b"/>
      </object_component>
      <object_component id="oc-fe">
         <name>.debug_info</name>
         <load_address>0x99d6</load_address>
         <run_address>0x99d6</run_address>
         <size>0x494</size>
         <input_file_ref idref="fl-d"/>
      </object_component>
      <object_component id="oc-32">
         <name>.debug_info</name>
         <load_address>0x9e6a</load_address>
         <run_address>0x9e6a</run_address>
         <size>0x2bf</size>
         <input_file_ref idref="fl-e"/>
      </object_component>
      <object_component id="oc-13">
         <name>.debug_info</name>
         <load_address>0xa129</load_address>
         <run_address>0xa129</run_address>
         <size>0xfe</size>
         <input_file_ref idref="fl-e"/>
      </object_component>
      <object_component id="oc-2b">
         <name>.debug_info</name>
         <load_address>0xa227</load_address>
         <run_address>0xa227</run_address>
         <size>0x27a</size>
         <input_file_ref idref="fl-e"/>
      </object_component>
      <object_component id="oc-19f">
         <name>.debug_info</name>
         <load_address>0xa4a1</load_address>
         <run_address>0xa4a1</run_address>
         <size>0x305</size>
         <input_file_ref idref="fl-f"/>
      </object_component>
      <object_component id="oc-eb">
         <name>.debug_info</name>
         <load_address>0xa7a6</load_address>
         <run_address>0xa7a6</run_address>
         <size>0x49f</size>
         <input_file_ref idref="fl-f"/>
      </object_component>
      <object_component id="oc-2e3">
         <name>.debug_info</name>
         <load_address>0xac45</load_address>
         <run_address>0xac45</run_address>
         <size>0x171</size>
         <input_file_ref idref="fl-ca"/>
      </object_component>
      <object_component id="oc-3ea">
         <name>.debug_info</name>
         <load_address>0xadb6</load_address>
         <run_address>0xadb6</run_address>
         <size>0x2a9</size>
         <input_file_ref idref="fl-cb"/>
      </object_component>
      <object_component id="oc-2f6">
         <name>.debug_info</name>
         <load_address>0xb05f</load_address>
         <run_address>0xb05f</run_address>
         <size>0x189</size>
         <input_file_ref idref="fl-cb"/>
      </object_component>
      <object_component id="oc-2ea">
         <name>.debug_info</name>
         <load_address>0xb1e8</load_address>
         <run_address>0xb1e8</run_address>
         <size>0x182</size>
         <input_file_ref idref="fl-cc"/>
      </object_component>
      <object_component id="oc-2e1">
         <name>.debug_info</name>
         <load_address>0xb36a</load_address>
         <run_address>0xb36a</run_address>
         <size>0x284</size>
         <input_file_ref idref="fl-cd"/>
      </object_component>
      <object_component id="oc-1e8">
         <name>.debug_info</name>
         <load_address>0xb5ee</load_address>
         <run_address>0xb5ee</run_address>
         <size>0x17c</size>
         <input_file_ref idref="fl-cd"/>
      </object_component>
      <object_component id="oc-2c9">
         <name>.debug_info</name>
         <load_address>0xb76a</load_address>
         <run_address>0xb76a</run_address>
         <size>0x35e</size>
         <input_file_ref idref="fl-ce"/>
      </object_component>
      <object_component id="oc-2b1">
         <name>.debug_info</name>
         <load_address>0xbac8</load_address>
         <run_address>0xbac8</run_address>
         <size>0x128</size>
         <input_file_ref idref="fl-ce"/>
      </object_component>
      <object_component id="oc-1cd">
         <name>.debug_info</name>
         <load_address>0xbbf0</load_address>
         <run_address>0xbbf0</run_address>
         <size>0xbf2</size>
         <input_file_ref idref="fl-ce"/>
      </object_component>
      <object_component id="oc-3b5">
         <name>.debug_info</name>
         <load_address>0xc7e2</load_address>
         <run_address>0xc7e2</run_address>
         <size>0x46</size>
         <input_file_ref idref="fl-ce"/>
      </object_component>
      <object_component id="oc-2c4">
         <name>.debug_info</name>
         <load_address>0xc828</load_address>
         <run_address>0xc828</run_address>
         <size>0x39</size>
         <input_file_ref idref="fl-ce"/>
      </object_component>
      <object_component id="oc-39e">
         <name>.debug_info</name>
         <load_address>0xc861</load_address>
         <run_address>0xc861</run_address>
         <size>0x2c5</size>
         <input_file_ref idref="fl-cf"/>
      </object_component>
      <object_component id="oc-2a5">
         <name>.debug_info</name>
         <load_address>0xcb26</load_address>
         <run_address>0xcb26</run_address>
         <size>0x24e</size>
         <input_file_ref idref="fl-cf"/>
      </object_component>
      <object_component id="oc-3af">
         <name>.debug_info</name>
         <load_address>0xcd74</load_address>
         <run_address>0xcd74</run_address>
         <size>0x2f8</size>
         <input_file_ref idref="fl-d0"/>
      </object_component>
      <object_component id="oc-2bf">
         <name>.debug_info</name>
         <load_address>0xd06c</load_address>
         <run_address>0xd06c</run_address>
         <size>0x225</size>
         <input_file_ref idref="fl-d0"/>
      </object_component>
      <object_component id="oc-465">
         <name>.debug_info</name>
         <load_address>0xd291</load_address>
         <run_address>0xd291</run_address>
         <size>0x39</size>
         <input_file_ref idref="fl-d0"/>
      </object_component>
      <object_component id="oc-3b0">
         <name>.debug_info</name>
         <load_address>0xd2ca</load_address>
         <run_address>0xd2ca</run_address>
         <size>0x2c</size>
         <input_file_ref idref="fl-d0"/>
      </object_component>
      <object_component id="oc-3dd">
         <name>.debug_info</name>
         <load_address>0xd2f6</load_address>
         <run_address>0xd2f6</run_address>
         <size>0x33a</size>
         <input_file_ref idref="fl-d1"/>
      </object_component>
      <object_component id="oc-2ef">
         <name>.debug_info</name>
         <load_address>0xd630</load_address>
         <run_address>0xd630</run_address>
         <size>0x1ee</size>
         <input_file_ref idref="fl-d1"/>
      </object_component>
      <object_component id="oc-3d2">
         <name>.debug_info</name>
         <load_address>0xd81e</load_address>
         <run_address>0xd81e</run_address>
         <size>0x1c3</size>
         <input_file_ref idref="fl-d1"/>
      </object_component>
      <object_component id="oc-3d8">
         <name>.debug_info</name>
         <load_address>0xd9e1</load_address>
         <run_address>0xd9e1</run_address>
         <size>0x176</size>
         <input_file_ref idref="fl-d1"/>
      </object_component>
      <object_component id="oc-265">
         <name>.debug_info</name>
         <load_address>0xdb57</load_address>
         <run_address>0xdb57</run_address>
         <size>0x2c</size>
         <input_file_ref idref="fl-d1"/>
      </object_component>
      <object_component id="oc-3de">
         <name>.debug_info</name>
         <load_address>0xdb83</load_address>
         <run_address>0xdb83</run_address>
         <size>0x69</size>
         <input_file_ref idref="fl-d1"/>
      </object_component>
      <object_component id="oc-3c9">
         <name>.debug_info</name>
         <load_address>0xdbec</load_address>
         <run_address>0xdbec</run_address>
         <size>0x333</size>
         <input_file_ref idref="fl-d2"/>
      </object_component>
      <object_component id="oc-2cc">
         <name>.debug_info</name>
         <load_address>0xdf1f</load_address>
         <run_address>0xdf1f</run_address>
         <size>0x1d1</size>
         <input_file_ref idref="fl-d2"/>
      </object_component>
      <object_component id="oc-3bd">
         <name>.debug_info</name>
         <load_address>0xe0f0</load_address>
         <run_address>0xe0f0</run_address>
         <size>0x18d</size>
         <input_file_ref idref="fl-d2"/>
      </object_component>
      <object_component id="oc-3c4">
         <name>.debug_info</name>
         <load_address>0xe27d</load_address>
         <run_address>0xe27d</run_address>
         <size>0x16d</size>
         <input_file_ref idref="fl-d2"/>
      </object_component>
      <object_component id="oc-264">
         <name>.debug_info</name>
         <load_address>0xe3ea</load_address>
         <run_address>0xe3ea</run_address>
         <size>0x340</size>
         <input_file_ref idref="fl-d3"/>
      </object_component>
      <object_component id="oc-160">
         <name>.debug_info</name>
         <load_address>0xe72a</load_address>
         <run_address>0xe72a</run_address>
         <size>0x208</size>
         <input_file_ref idref="fl-d3"/>
      </object_component>
      <object_component id="oc-259">
         <name>.debug_info</name>
         <load_address>0xe932</load_address>
         <run_address>0xe932</run_address>
         <size>0x1c6</size>
         <input_file_ref idref="fl-d3"/>
      </object_component>
      <object_component id="oc-25e">
         <name>.debug_info</name>
         <load_address>0xeaf8</load_address>
         <run_address>0xeaf8</run_address>
         <size>0x179</size>
         <input_file_ref idref="fl-d3"/>
      </object_component>
      <object_component id="oc-26a">
         <name>.debug_info</name>
         <load_address>0xec71</load_address>
         <run_address>0xec71</run_address>
         <size>0x69</size>
         <input_file_ref idref="fl-d3"/>
      </object_component>
      <object_component id="oc-197">
         <name>.debug_info</name>
         <load_address>0xecda</load_address>
         <run_address>0xecda</run_address>
         <size>0x14c</size>
         <input_file_ref idref="fl-d4"/>
      </object_component>
      <object_component id="oc-2b6">
         <name>.debug_info</name>
         <load_address>0xee26</load_address>
         <run_address>0xee26</run_address>
         <size>0x128</size>
         <input_file_ref idref="fl-d5"/>
      </object_component>
      <object_component id="oc-2bb">
         <name>.debug_info</name>
         <load_address>0xef4e</load_address>
         <run_address>0xef4e</run_address>
         <size>0x12a</size>
         <input_file_ref idref="fl-d5"/>
      </object_component>
      <object_component id="oc-188">
         <name>.debug_info</name>
         <load_address>0xf078</load_address>
         <run_address>0xf078</run_address>
         <size>0x13a</size>
         <input_file_ref idref="fl-d6"/>
      </object_component>
      <object_component id="oc-181">
         <name>.debug_info</name>
         <load_address>0xf1b2</load_address>
         <run_address>0xf1b2</run_address>
         <size>0x13a</size>
         <input_file_ref idref="fl-d7"/>
      </object_component>
      <object_component id="oc-19c">
         <name>.debug_info</name>
         <load_address>0xf2ec</load_address>
         <run_address>0xf2ec</run_address>
         <size>0x12e</size>
         <input_file_ref idref="fl-d8"/>
      </object_component>
      <object_component id="oc-18b">
         <name>.debug_info</name>
         <load_address>0xf41a</load_address>
         <run_address>0xf41a</run_address>
         <size>0x13e</size>
         <input_file_ref idref="fl-d9"/>
      </object_component>
      <object_component id="oc-192">
         <name>.debug_info</name>
         <load_address>0xf558</load_address>
         <run_address>0xf558</run_address>
         <size>0x12c</size>
         <input_file_ref idref="fl-da"/>
      </object_component>
      <object_component id="oc-17c">
         <name>.debug_info</name>
         <load_address>0xf684</load_address>
         <run_address>0xf684</run_address>
         <size>0x12c</size>
         <input_file_ref idref="fl-db"/>
      </object_component>
      <object_component id="oc-3f">
         <name>.debug_info</name>
         <load_address>0xf7b0</load_address>
         <run_address>0xf7b0</run_address>
         <size>0x119</size>
         <input_file_ref idref="fl-dc"/>
      </object_component>
      <object_component id="oc-1db">
         <name>.debug_info</name>
         <load_address>0xf8c9</load_address>
         <run_address>0xf8c9</run_address>
         <size>0x12e</size>
         <input_file_ref idref="fl-dd"/>
      </object_component>
      <object_component id="oc-97">
         <name>.debug_info</name>
         <load_address>0xf9f7</load_address>
         <run_address>0xf9f7</run_address>
         <size>0x147</size>
         <input_file_ref idref="fl-de"/>
      </object_component>
      <object_component id="oc-95">
         <name>.debug_info</name>
         <load_address>0xfb3e</load_address>
         <run_address>0xfb3e</run_address>
         <size>0x2d4</size>
         <input_file_ref idref="fl-df"/>
      </object_component>
      <object_component id="oc-4b">
         <name>.debug_info</name>
         <load_address>0xfe12</load_address>
         <run_address>0xfe12</run_address>
         <size>0x1d2</size>
         <input_file_ref idref="fl-df"/>
      </object_component>
      <object_component id="oc-90">
         <name>.debug_info</name>
         <load_address>0xffe4</load_address>
         <run_address>0xffe4</run_address>
         <size>0x46</size>
         <input_file_ref idref="fl-df"/>
      </object_component>
      <object_component id="oc-49">
         <name>.debug_info</name>
         <load_address>0x1002a</load_address>
         <run_address>0x1002a</run_address>
         <size>0x2a8</size>
         <input_file_ref idref="fl-e0"/>
      </object_component>
      <object_component id="oc-1c">
         <name>.debug_info</name>
         <load_address>0x102d2</load_address>
         <run_address>0x102d2</run_address>
         <size>0x1ea</size>
         <input_file_ref idref="fl-e0"/>
      </object_component>
      <object_component id="oc-44">
         <name>.debug_info</name>
         <load_address>0x104bc</load_address>
         <run_address>0x104bc</run_address>
         <size>0x46</size>
         <input_file_ref idref="fl-e0"/>
      </object_component>
      <object_component id="oc-88">
         <name>.debug_info</name>
         <load_address>0x10502</load_address>
         <run_address>0x10502</run_address>
         <size>0x2c</size>
         <input_file_ref idref="fl-e0"/>
      </object_component>
      <object_component id="oc-86">
         <name>.debug_info</name>
         <load_address>0x1052e</load_address>
         <run_address>0x1052e</run_address>
         <size>0x29e</size>
         <input_file_ref idref="fl-e1"/>
      </object_component>
      <object_component id="oc-19">
         <name>.debug_info</name>
         <load_address>0x107cc</load_address>
         <run_address>0x107cc</run_address>
         <size>0x250</size>
         <input_file_ref idref="fl-e1"/>
      </object_component>
      <object_component id="oc-34">
         <name>.debug_info</name>
         <load_address>0x10a1c</load_address>
         <run_address>0x10a1c</run_address>
         <size>0x60</size>
         <input_file_ref idref="fl-e1"/>
      </object_component>
      <object_component id="oc-c6">
         <name>.debug_info</name>
         <load_address>0x10a7c</load_address>
         <run_address>0x10a7c</run_address>
         <size>0x46</size>
         <input_file_ref idref="fl-e1"/>
      </object_component>
      <object_component id="oc-81">
         <name>.debug_info</name>
         <load_address>0x10ac2</load_address>
         <run_address>0x10ac2</run_address>
         <size>0x39</size>
         <input_file_ref idref="fl-e1"/>
      </object_component>
      <object_component id="oc-70">
         <name>.debug_info</name>
         <load_address>0x10afb</load_address>
         <run_address>0x10afb</run_address>
         <size>0x3b2</size>
         <input_file_ref idref="fl-e2"/>
      </object_component>
      <object_component id="oc-25">
         <name>.debug_info</name>
         <load_address>0x10ead</load_address>
         <run_address>0x10ead</run_address>
         <size>0x10c</size>
         <input_file_ref idref="fl-e2"/>
      </object_component>
      <object_component id="oc-398">
         <name>.debug_info</name>
         <load_address>0x10fb9</load_address>
         <run_address>0x10fb9</run_address>
         <size>0x13f</size>
         <input_file_ref idref="fl-e2"/>
      </object_component>
      <object_component id="oc-284">
         <name>.debug_info</name>
         <load_address>0x110f8</load_address>
         <run_address>0x110f8</run_address>
         <size>0x168</size>
         <input_file_ref idref="fl-e2"/>
      </object_component>
      <object_component id="oc-28b">
         <name>.debug_info</name>
         <load_address>0x11260</load_address>
         <run_address>0x11260</run_address>
         <size>0x18e</size>
         <input_file_ref idref="fl-e2"/>
      </object_component>
      <object_component id="oc-292">
         <name>.debug_info</name>
         <load_address>0x113ee</load_address>
         <run_address>0x113ee</run_address>
         <size>0x19f</size>
         <input_file_ref idref="fl-e2"/>
      </object_component>
      <object_component id="oc-1ab">
         <name>.debug_info</name>
         <load_address>0x1158d</load_address>
         <run_address>0x1158d</run_address>
         <size>0x203</size>
         <input_file_ref idref="fl-e2"/>
      </object_component>
      <object_component id="oc-455">
         <name>.debug_info</name>
         <load_address>0x11790</load_address>
         <run_address>0x11790</run_address>
         <size>0x1db</size>
         <input_file_ref idref="fl-e2"/>
      </object_component>
      <object_component id="oc-1a6">
         <name>.debug_info</name>
         <load_address>0x1196b</load_address>
         <run_address>0x1196b</run_address>
         <size>0x1a5</size>
         <input_file_ref idref="fl-e2"/>
      </object_component>
      <object_component id="oc-392">
         <name>.debug_info</name>
         <load_address>0x11b10</load_address>
         <run_address>0x11b10</run_address>
         <size>0x299</size>
         <input_file_ref idref="fl-e2"/>
      </object_component>
      <object_component id="oc-bb">
         <name>.debug_info</name>
         <load_address>0x11da9</load_address>
         <run_address>0x11da9</run_address>
         <size>0xb2</size>
         <input_file_ref idref="fl-e2"/>
      </object_component>
      <object_component id="oc-b6">
         <name>.debug_info</name>
         <load_address>0x11e5b</load_address>
         <run_address>0x11e5b</run_address>
         <size>0x2c</size>
         <input_file_ref idref="fl-e2"/>
      </object_component>
      <object_component id="oc-270">
         <name>.debug_info</name>
         <load_address>0x11e87</load_address>
         <run_address>0x11e87</run_address>
         <size>0x28a</size>
         <input_file_ref idref="fl-e3"/>
      </object_component>
      <object_component id="oc-168">
         <name>.debug_info</name>
         <load_address>0x12111</load_address>
         <run_address>0x12111</run_address>
         <size>0x273</size>
         <input_file_ref idref="fl-e3"/>
      </object_component>
      <object_component id="oc-272">
         <name>.debug_info</name>
         <load_address>0x12384</load_address>
         <run_address>0x12384</run_address>
         <size>0x2a4</size>
         <input_file_ref idref="fl-e4"/>
      </object_component>
      <object_component id="oc-16c">
         <name>.debug_info</name>
         <load_address>0x12628</load_address>
         <run_address>0x12628</run_address>
         <size>0x24d</size>
         <input_file_ref idref="fl-e4"/>
[...]
         <object_component_ref idref="oc-ef"/>
      </symbol>
      <symbol id="sm-333">
         <name>oi_uartReceive</name>
         <value>0xa31</value>
         <object_component_ref idref="oc-ef"/>
      </symbol>
      <symbol id="sm-334">
         <name>oi_setWheels</name>
         <value>0x88f</value>
         <object_component_ref idref="oc-ef"/>
      </symbol>
      <symbol id="sm-335">
         <name>oi_shutoff_init</name>
         <value>0xb51</value>
         <object_component_ref idref="oc-ef"/>
      </symbol>
      <symbol id="sm-336">
         <name>motor_cal_factor_L</name>
         <value>0x20000ef4</value>
         <object_component_ref idref="oc-1bc"/>
      </symbol>
      <symbol id="sm-337">
         <name>motor_cal_factor_R</name>
         <value>0x20000ef8</value>
         <object_component_ref idref="oc-1bc"/>
      </symbol>
      <symbol id="sm-338">
         <name>oi_parseInt</name>
         <value>0x5f6f</value>
         <object_component_ref idref="oc-1af"/>
      </symbol>
      <symbol id="sm-339">
         <name>oi_setMotorCalibration</name>
         <value>0xdb1</value>
         <object_component_ref idref="oc-ef"/>
      </symbol>
      <symbol id="sm-33a">
         <name>oi_uartSendStr</name>
         <value>0xa59</value>
         <object_component_ref idref="oc-ef"/>
      </symbol>
      <symbol id="sm-33b">
         <name>oi_close</name>
         <value>0x2c7</value>
         <object_component_ref idref="oc-ef"/>
      </symbol>
      <symbol id="sm-33c">
         <name>oi_uartSendBuff</name>
         <value>0xa77</value>
         <object_component_ref idref="oc-ef"/>
      </symbol>
      <symbol id="sm-33d">
         <name>oi_checkFirmware</name>
         <value>0xaa9</value>
         <object_component_ref idref="oc-ef"/>
      </symbol>
      <symbol id="sm-33e">
         <name>oi_init_noupdate</name>
         <value>0x289</value>
         <object_component_ref idref="oc-ef"/>
      </symbol>
      <symbol id="sm-33f">
         <name>oi_uartSendChar</name>
         <value>0xa15</value>
         <object_component_ref idref="oc-ef"/>
      </symbol>
      <symbol id="sm-340">
         <name>oi_alloc</name>
         <value>0x26d</value>
         <object_component_ref idref="oc-ef"/>
      </symbol>
      <symbol id="sm-341">
         <name>oi_getMotorCalibrationLeft</name>
         <value>0xded</value>
         <object_component_ref idref="oc-ef"/>
      </symbol>
      <symbol id="sm-342">
         <name>oi_loadSong</name>
         <value>0x915</value>
         <object_component_ref idref="oc-ef"/>
      </symbol>
      <symbol id="sm-343">
         <name>oi_play_song</name>
         <value>0x96b</value>
         <object_component_ref idref="oc-ef"/>
      </symbol>
      <symbol id="sm-344">
         <name>oi_parsePacket</name>
         <value>0x32b</value>
         <object_component_ref idref="oc-ef"/>
      </symbol>
      <symbol id="sm-345">
         <name>oi_setLeds</name>
         <value>0x84b</value>
         <object_component_ref idref="oc-ef"/>
      </symbol>
      <symbol id="sm-346">
         <name>oi_init</name>
         <value>0x2b1</value>
         <object_component_ref idref="oc-ef"/>
      </symbol>
      <symbol id="sm-347">
         <name>oi_update</name>
         <value>0x2d9</value>
         <object_component_ref idref="oc-ef"/>
      </symbol>
      <symbol id="sm-348">
         <name>oi_uartInit</name>
         <value>0x98d</value>
         <object_component_ref idref="oc-ef"/>
      </symbol>
      <symbol id="sm-38c">
         <name>rising_time</name>
         <value>0x20000eec</value>
      </symbol>
      <symbol id="sm-38d">
         <name>falling_time</name>
         <value>0x20000ee8</value>
      </symbol>
      <symbol id="sm-38e">
         <name>state</name>
         <value>0x20000ef1</value>
      </symbol>
      <symbol id="sm-38f">
         <name>ping_read</name>
         <value>0x3609</value>
         <object_component_ref idref="oc-101"/>
      </symbol>
      <symbol id="sm-390">
         <name>send_pulse</name>
         <value>0x36bd</value>
         <object_component_ref idref="oc-101"/>
      </symbol>
      <symbol id="sm-391">
         <name>TIMER3B_Handler</name>
         <value>0x373b</value>
         <object_component_ref idref="oc-101"/>
      </symbol>
      <symbol id="sm-392">
         <name>ping_init</name>
         <value>0x3539</value>
         <object_component_ref idref="oc-101"/>
      </symbol>
      <symbol id="sm-393">
         <name>overflow</name>
         <value>0x20000f24</value>
         <object_component_ref idref="oc-1e2"/>
      </symbol>
      <symbol id="sm-394">
         <name>get_overflow</name>
         <value>0x37d1</value>
         <object_component_ref idref="oc-101"/>
      </symbol>
      <symbol id="sm-395">
         <name>get_pulse_millis</name>
         <value>0x379b</value>
         <object_component_ref idref="oc-101"/>
      </symbol>
      <symbol id="sm-396">
         <name>get_pulse</name>
         <value>0x3779</value>
         <object_component_ref idref="oc-101"/>
      </symbol>
      <symbol id="sm-3c0">
         <name>servo_move</name>
         <value>0x38f7</value>
         <object_component_ref idref="oc-fb"/>
      </symbol>
      <symbol id="sm-3c1">
         <name>servo_init</name>
         <value>0x385d</value>
         <object_component_ref idref="oc-fb"/>
      </symbol>
      <symbol id="sm-3c2">
         <name>calibrate</name>
         <value>0x39f1</value>
         <object_component_ref idref="oc-fb"/>
      </symbol>
      <symbol id="sm-3c3">
         <name>calibrate_move</name>
         <value>0x3985</value>
         <object_component_ref idref="oc-fb"/>
      </symbol>
      <symbol id="sm-3df">
         <name>ResetISR</name>
         <value>0x6029</value>
         <object_component_ref idref="oc-2a"/>
      </symbol>
      <symbol id="sm-3e0">
         <name>g_pfnVectors</name>
         <value>0x0</value>
         <object_component_ref idref="oc-12"/>
      </symbol>
      <symbol id="sm-410">
         <name>uart_data</name>
         <value>0x20000ef2</value>
      </symbol>
      <symbol id="sm-411">
         <name>flag</name>
         <value>0x20000ef0</value>
      </symbol>
      <symbol id="sm-412">
         <name>uart_interrupt_handler</name>
         <value>0x4157</value>
         <object_component_ref idref="oc-e9"/>
      </symbol>
      <symbol id="sm-413">
         <name>uart_sendChar</name>
         <value>0x40cb</value>
         <object_component_ref idref="oc-e9"/>
      </symbol>
      <symbol id="sm-414">
         <name>uart_interrupt_init</name>
         <value>0x4137</value>
         <object_component_ref idref="oc-e9"/>
      </symbol>
      <symbol id="sm-415">
         <name>uart_init</name>
         <value>0x3ffd</value>
         <object_component_ref idref="oc-e9"/>
      </symbol>
      <symbol id="sm-416">
         <name>uart_receive</name>
         <value>0x40e7</value>
         <object_component_ref idref="oc-e9"/>
      </symbol>
      <symbol id="sm-417">
         <name>uart_sendStr</name>
         <value>0x410d</value>
         <object_component_ref idref="oc-e9"/>
      </symbol>
      <symbol id="sm-42b">
         <name>cosf</name>
         <value>0x515d</value>
         <object_component_ref idref="oc-2e2"/>
      </symbol>
      <symbol id="sm-43a">
         <name>roundf</name>
         <value>0x582f</value>
         <object_component_ref idref="oc-2f4"/>
      </symbol>
      <symbol id="sm-44c">
         <name>sinf</name>
         <value>0x5371</value>
         <object_component_ref idref="oc-2e8"/>
      </symbol>
      <symbol id="sm-462">
         <name>tanf</name>
         <value>0x52c5</value>
         <object_component_ref idref="oc-1e6"/>
      </symbol>
      <symbol id="sm-4f8">
         <name>pow</name>
         <value>0x18dd</value>
         <object_component_ref idref="oc-1ca"/>
      </symbol>
      <symbol id="sm-4f9">
         <name>powl</name>
         <value>0x18dd</value>
         <object_component_ref idref="oc-1ca"/>
      </symbol>
      <symbol id="sm-51b">
         <name>sqrtl</name>
         <value>0x487d</value>
         <object_component_ref idref="oc-2a4"/>
      </symbol>
      <symbol id="sm-51c">
         <name>sqrt</name>
         <value>0x487d</value>
         <object_component_ref idref="oc-2a4"/>
      </symbol>
      <symbol id="sm-543">
         <name>scalbn</name>
         <value>0x4d6d</value>
         <object_component_ref idref="oc-2bd"/>
      </symbol>
      <symbol id="sm-544">
         <name>scalbnl</name>
         <value>0x4d6d</value>
         <object_component_ref idref="oc-2bd"/>
      </symbol>
      <symbol id="sm-545">
         <name>ldexpl</name>
         <value>0x4d6d</value>
         <object_component_ref idref="oc-2bd"/>
      </symbol>
      <symbol id="sm-546">
         <name>ldexp</name>
         <value>0x4d6d</value>
         <object_component_ref idref="oc-2bd"/>
      </symbol>
      <symbol id="sm-575">
         <name>snprintf</name>
         <value>0x5b71</value>
         <object_component_ref idref="oc-2ee"/>
      </symbol>
      <symbol id="sm-597">
         <name>sprintf</name>
         <value>0x5c49</value>
         <object_component_ref idref="oc-2cb"/>
      </symbol>
      <symbol id="sm-5c1">
         <name>vsnprintf</name>
         <value>0x5c89</value>
         <object_component_ref idref="oc-15f"/>
      </symbol>
      <symbol id="sm-5d8">
         <name>__aeabi_dsub</name>
         <value>0x4565</value>
         <object_component_ref idref="oc-194"/>
      </symbol>
      <symbol id="sm-5d9">
         <name>__aeabi_dadd</name>
         <value>0x456f</value>
         <object_component_ref idref="oc-194"/>
      </symbol>
      <symbol id="sm-5fb">
         <name>__aeabi_cdcmpeq</name>
         <value>0x5547</value>
         <object_component_ref idref="oc-2b3"/>
      </symbol>
      <symbol id="sm-5fc">
         <name>__aeabi_cdcmple</name>
         <value>0x5547</value>
         <object_component_ref idref="oc-2b3"/>
      </symbol>
      <symbol id="sm-5fd">
         <name>__aeabi_cdrcmple</name>
         <value>0x55cd</value>
         <object_component_ref idref="oc-2b8"/>
      </symbol>
      <symbol id="sm-611">
         <name>__aeabi_ddiv</name>
         <value>0x4b11</value>
         <object_component_ref idref="oc-185"/>
      </symbol>
      <symbol id="sm-61c">
         <name>__aeabi_dmul</name>
         <value>0x4f7d</value>
         <object_component_ref idref="oc-180"/>
      </symbol>
      <symbol id="sm-626">
         <name>__aeabi_d2iz</name>
         <value>0x5bbd</value>
         <object_component_ref idref="oc-199"/>
      </symbol>
      <symbol id="sm-632">
         <name>__aeabi_d2f</name>
         <value>0x589d</value>
         <object_component_ref idref="oc-18a"/>
      </symbol>
      <symbol id="sm-63d">
         <name>__aeabi_f2d</name>
         <value>0x5d41</value>
         <object_component_ref idref="oc-18f"/>
      </symbol>
      <symbol id="sm-647">
         <name>__aeabi_i2d</name>
         <value>0x5e41</value>
         <object_component_ref idref="oc-17b"/>
      </symbol>
      <symbol id="sm-662">
         <name>memcpy</name>
         <value>0x5415</value>
         <object_component_ref idref="oc-3e"/>
      </symbol>
      <symbol id="sm-663">
         <name>__aeabi_memcpy</name>
         <value>0x5415</value>
         <object_component_ref idref="oc-3e"/>
      </symbol>
      <symbol id="sm-664">
         <name>__aeabi_memcpy8</name>
         <value>0x5415</value>
         <object_component_ref idref="oc-3e"/>
      </symbol>
      <symbol id="sm-665">
         <name>__aeabi_memcpy4</name>
         <value>0x5415</value>
         <object_component_ref idref="oc-3e"/>
      </symbol>
      <symbol id="sm-66f">
         <name>__aeabi_ui2d</name>
         <value>0x5e99</value>
         <object_component_ref idref="oc-1d8"/>
      </symbol>
      <symbol id="sm-67e">
         <name>__aeabi_memset</name>
         <value>0x56d7</value>
         <object_component_ref idref="oc-96"/>
      </symbol>
      <symbol id="sm-67f">
         <name>memset</name>
         <value>0x56dd</value>
         <object_component_ref idref="oc-96"/>
      </symbol>
      <symbol id="sm-680">
         <name>__aeabi_memset8</name>
         <value>0x56d7</value>
         <object_component_ref idref="oc-96"/>
      </symbol>
      <symbol id="sm-681">
         <name>__aeabi_memset4</name>
         <value>0x56d7</value>
         <object_component_ref idref="oc-96"/>
      </symbol>
      <symbol id="sm-682">
         <name>__aeabi_memclr8</name>
         <value>0x56d5</value>
         <object_component_ref idref="oc-96"/>
      </symbol>
      <symbol id="sm-683">
         <name>__aeabi_memclr4</name>
         <value>0x56d5</value>
         <object_component_ref idref="oc-96"/>
      </symbol>
      <symbol id="sm-684">
         <name>__aeabi_memclr</name>
         <value>0x56d5</value>
         <object_component_ref idref="oc-96"/>
      </symbol>
      <symbol id="sm-698">
         <name>__TI_zero_init_nomemset</name>
         <value>0x5eb9</value>
         <object_component_ref idref="oc-4a"/>
      </symbol>
      <symbol id="sm-6af">
         <name>__TI_decompress_none</name>
         <value>0x600f</value>
         <object_component_ref idref="oc-1b"/>
      </symbol>
      <symbol id="sm-6d2">
         <name>__TI_decompress_lzss</name>
         <value>0x590b</value>
         <object_component_ref idref="oc-15"/>
      </symbol>
      <symbol id="sm-767">
         <name>_sys_memory</name>
         <value>0x20000a70</value>
         <object_component_ref idref="oc-24"/>
      </symbol>
      <symbol id="sm-768">
         <name>free</name>
         <value>0x5079</value>
         <object_component_ref idref="oc-1a9"/>
      </symbol>
      <symbol id="sm-769">
         <name>memalign</name>
         <value>0x4e7d</value>
         <object_component_ref idref="oc-390"/>
      </symbol>
      <symbol id="sm-76a">
         <name>calloc</name>
         <value>0x5d09</value>
         <object_component_ref idref="oc-1a3"/>
      </symbol>
      <symbol id="sm-76b">
         <name>malloc</name>
         <value>0x6049</value>
         <object_component_ref idref="oc-283"/>
      </symbol>
      <symbol id="sm-76c">
         <name>aligned_alloc</name>
         <value>0x4e7d</value>
         <object_component_ref idref="oc-390"/>
      </symbol>
      <symbol id="sm-77b">
         <name>strcmp</name>
         <value>0x5f87</value>
         <object_component_ref idref="oc-165"/>
      </symbol>
      <symbol id="sm-789">
         <name>strcpy</name>
         <value>0x5fb5</value>
         <object_component_ref idref="oc-16b"/>
      </symbol>
      <symbol id="sm-797">
         <name>strlen</name>
         <value>0x5fc9</value>
         <object_component_ref idref="oc-346"/>
      </symbol>
      <symbol id="sm-7aa">
         <name>__stack</name>
         <value>0x20000270</value>
         <object_component_ref idref="oc-27"/>
      </symbol>
      <symbol id="sm-7ab">
         <name>_c_int00_noargs</name>
         <value>0x5dad</value>
         <object_component_ref idref="oc-5c"/>
      </symbol>
      <symbol id="sm-7c1">
         <name>__aeabi_errno_addr</name>
         <value>0x6041</value>
         <object_component_ref idref="oc-2aa"/>
      </symbol>
      <symbol id="sm-7c2">
         <name>errno</name>
         <value>0x20000f28</value>
         <object_component_ref idref="oc-39f"/>
      </symbol>
      <symbol id="sm-7da">
         <name>floorf</name>
         <value>0x5655</value>
         <object_component_ref idref="oc-3e3"/>
      </symbol>
      <symbol id="sm-7e4">
         <name>copysign</name>
         <value>0x5f0d</value>
         <object_component_ref idref="oc-3a8"/>
      </symbol>
      <symbol id="sm-7e5">
         <name>copysignl</name>
         <value>0x5f0d</value>
         <object_component_ref idref="oc-3a8"/>
      </symbol>
      <symbol id="sm-94a">
         <name>__TI_printfi</name>
         <value>0xe8d</value>
         <object_component_ref idref="oc-251"/>
      </symbol>
      <symbol id="sm-957">
         <name>__aeabi_uldivmod</name>
         <value>0x54b1</value>
         <object_component_ref idref="oc-40a"/>
      </symbol>
      <symbol id="sm-97f">
         <name>__TI_auto_init_nobinit_nopinit</name>
         <value>0x5c05</value>
         <object_component_ref idref="oc-11e"/>
      </symbol>
      <symbol id="sm-989">
         <name>_system_pre_init</name>
         <value>0x6051</value>
         <object_component_ref idref="oc-9c"/>
      </symbol>
      <symbol id="sm-995">
         <name>C$$EXIT</name>
         <value>0x6055</value>
         <object_component_ref idref="oc-112"/>
      </symbol>
      <symbol id="sm-996">
         <name>abort</name>
         <value>0x6055</value>
         <object_component_ref idref="oc-112"/>
      </symbol>
      <symbol id="sm-9ab">
         <name>_nop</name>
         <value>0x18db</value>
         <object_component_ref idref="oc-319"/>
      </symbol>
      <symbol id="sm-9ac">
         <name>_lock</name>
         <value>0x20000f14</value>
         <object_component_ref idref="oc-227"/>
      </symbol>
      <symbol id="sm-9ad">
         <name>_unlock</name>
         <value>0x20000f18</value>
         <object_component_ref idref="oc-227"/>
      </symbol>
      <symbol id="sm-9bc">
         <name>__TI_ltoa</name>
         <value>0x5a2f</value>
         <object_component_ref idref="oc-410"/>
      </symbol>
      <symbol id="sm-9d3">
         <name>atoi</name>
         <value>0x5b25</value>
         <object_component_ref idref="oc-34c"/>
      </symbol>
      <symbol id="sm-9de">
         <name>_ctypes_</name>
         <value>0x6058</value>
         <object_component_ref idref="oc-405"/>
      </symbol>
      <symbol id="sm-9ee">
         <name>memccpy</name>
         <value>0x5ef1</value>
         <object_component_ref idref="oc-370"/>
      </symbol>
      <symbol id="sm-9fe">
         <name>strchr</name>
         <value>0x5f9f</value>
         <object_component_ref idref="oc-437"/>
      </symbol>
      <symbol id="sm-a17">
         <name>wcslen</name>
         <value>0x5fdd</value>
         <object_component_ref idref="oc-376"/>
      </symbol>
      <symbol id="sm-a2d">
         <name>frexpl</name>
         <value>0x5975</value>
         <object_component_ref idref="oc-431"/>
      </symbol>
      <symbol id="sm-a2e">
         <name>frexp</name>
         <value>0x5975</value>
         <object_component_ref idref="oc-431"/>
      </symbol>
      <symbol id="sm-a38">
         <name>__aeabi_idiv0</name>
         <value>0x28c7</value>
         <object_component_ref idref="oc-47d"/>
      </symbol>
      <symbol id="sm-a39">
         <name>__aeabi_ldiv0</name>
         <value>0x28c7</value>
         <object_component_ref idref="oc-47d"/>
      </symbol>
      <symbol id="sm-a68">
         <name>IntRegister</name>
         <value>0x5d79</value>
         <object_component_ref idref="oc-152"/>
      </symbol>
      <symbol id="sm-a69">
         <name>g_pfnRAMVectors</name>
         <value>0x20000000</value>
         <object_component_ref idref="oc-243"/>
      </symbol>
      <symbol id="sm-a6a">
         <name>IntMasterEnable</name>
         <value>0x5fef</value>
         <object_component_ref idref="oc-1b6"/>
      </symbol>
      <symbol id="sm-a74">
         <name>CPUcpsie</name>
         <value>0x601d</value>
         <object_component_ref idref="oc-297"/>
      </symbol>
      <symbol id="sm-a75">
         <name>__TI_static_base__</name>
         <value>0x0</value>
      </symbol>
      <symbol id="sm-a78">
         <name>__mpu_init</name>
         <value>0x0</value>
      </symbol>
      <symbol id="sm-a79">
         <name>_system_post_cinit</name>
         <value>0x0</value>
      </symbol>
   </symbol_table>
   <title>Link successful</title>
</link_info>
