******************************************************************************
                  TI ARM Linker PC v20.2.7                     
******************************************************************************
>> Linked Thu Dec  7 18:40:45 2023

OUTPUT FILE NAME:   <Final Project Parts.out>
ENTRY POINT SYMBOL: "_c_int00_noargs"  address: 00005dad


MEMORY CONFIGURATION

         name            origin    length      used     unused   attr    fill
----------------------  --------  ---------  --------  --------  ----  --------
  FLASH                 00000000   00040000  0000633c  00039cc4  R  X
  SRAM                  20000000   00008000  00000f29  000070d7  RW X


SEGMENT ALLOCATION MAP

run origin  load origin   length   init length attrs members
----------  ----------- ---------- ----------- ----- -------
00000000    00000000    00006340   00006340    r-x
  00000000    00000000    0000026c   0000026c    r-- .intvecs
  0000026c    0000026c    00005dec   00005dec    r-x .text
  00006058    00006058    00000294   00000294    r-- .const
  000062f0    000062f0    00000050   00000050    r-- .cinit
20000000    20000000    00000f2e   00000000    rw-
  20000000    20000000    0000026c   00000000    rw- .vtable
  20000270    20000270    00000800   00000000    rw- .stack
  20000a70    20000a70    00000400   00000000    rw- .sysmem
  20000e70    20000e70    00000083   00000000    rw- .bss
  20000ef4    20000ef4    0000003a   00000000    rw- .data


SECTION ALLOCATION MAP

 output                                  attributes/
section   page    origin      length       input sections
--------  ----  ----------  ----------   ----------------
.intvecs   0    00000000    0000026c     
                  00000000    0000026c     tm4c123gh6pm_startup_ccs.obj (.intvecs)

.text      0    0000026c    00005dec     
                  0000026c    00000c20     open_interface.obj (.text)
                  00000e8c    00000a4e     rtsv7M4_T_le_v4SPD16_eabi.lib : _printfi.c.obj (.text:__TI_printfi)
                  000018da    00000002                                   : _lock.c.obj (.text:_nop)
                  000018dc    000009d0                                   : e_pow.c.obj (.text:pow)
                  000022ac    0000061a     helperfunctions.obj (.text)
                  000028c6    00000002     rtsv7M4_T_le_v4SPD16_eabi.lib : div0.asm.obj (.text)
                  000028c8    0000052c     missioncommands.obj (.text)
                  00002df4    0000041c     movement.obj (.text)
                  00003210    00000328     lcd.obj (.text)
                  00003538    00000324     ping.obj (.text)
                  0000385c    000002e8     servo.obj (.text)
                  00003b44    00000270     rtsv7M4_T_le_v4SPD16_eabi.lib : _printfi.c.obj (.text:_pconv_a)
                  00003db4    00000248     Timer.obj (.text)
                  00003ffc    000001dc     uart_extra_help.obj (.text)
                  000041d8    000001d0     rtsv7M4_T_le_v4SPD16_eabi.lib : _printfi.c.obj (.text:_pconv_g)
                  000043a8    000001bc     ADC.obj (.text)
                  00004564    000001b6     rtsv7M4_T_le_v4SPD16_eabi.lib : fd_add_t2.asm.obj (.text)
                  0000471a    00000002     --HOLE-- [fill = 0]
                  0000471c    00000160     button.obj (.text)
                  0000487c    00000158     rtsv7M4_T_le_v4SPD16_eabi.lib : e_sqrt.c.obj (.text:sqrt)
                  000049d4    0000013c                                   : _printfi.c.obj (.text:_pconv_e)
                  00004b10    00000136                                   : fd_div_t2.asm.obj (.text)
                  00004c46    00000002     --HOLE-- [fill = 0]
                  00004c48    00000124                                   : _printfi.c.obj (.text:fcvt)
                  00004d6c    00000110                                   : s_scalbn.c.obj (.text:scalbn)
                  00004e7c    00000100                                   : memory.c.obj (.text:aligned_alloc)
                  00004f7c    000000fc                                   : fd_mul_t2.asm.obj (.text)
                  00005078    000000e4                                   : memory.c.obj (.text:free)
                  0000515c    000000b4                                   : s_cosf.c.obj (.text:cosf)
                  00005210    000000b1                                   : _printfi.c.obj (.text:_ltostr)
                  000052c1    00000003     --HOLE-- [fill = 0]
                  000052c4    000000ac                                   : s_tanf.c.obj (.text:tanf)
                  00005370    000000a4                                   : s_sinf.c.obj (.text:sinf)
                  00005414    0000009c                                   : memcpy_t2.asm.obj (.text)
                  000054b0    00000096                                   : ull_div_t2.asm.obj (.text)
                  00005546    00000086                                   : fd_cmp_t2.asm.obj (.text:__aeabi_cdcmple)
                  000055cc    00000086                                   : fd_cmp_t2.asm.obj (.text:__aeabi_cdrcmple)
                  00005652    00000002     --HOLE-- [fill = 0]
                  00005654    00000080                                   : s_floorf.c.obj (.text:floorf)
                  000056d4    0000007a                                   : memset_t2.asm.obj (.text)
                  0000574e    00000002     --HOLE-- [fill = 0]
                  00005750    00000070                                   : memory.c.obj (.text:split)
                  000057c0    0000006e                                   : _printfi.c.obj (.text:_mcpy)
                  0000582e    0000006e                                   : s_roundf.c.obj (.text:roundf)
                  0000589c    0000006e                                   : fd_tos_t2.asm.obj (.text)
                  0000590a    00000068                                   : copy_decompress_lzss.c.obj (.text:decompress:lzss:__TI_decompress_lzss)
                  00005972    00000002     --HOLE-- [fill = 0]
                  00005974    00000064                                   : s_frexp.c.obj (.text:frexp)
                  000059d8    00000056                                   : _printfi.c.obj (.text:_pconv_f)
                  00005a2e    00000054                                   : _ltoa.c.obj (.text:__TI_ltoa)
                  00005a82    00000052                                   : _printfi.c.obj (.text:_ecpy)
                  00005ad4    00000050     main.obj (.text)
                  00005b24    0000004c     rtsv7M4_T_le_v4SPD16_eabi.lib : atoi.c.obj (.text:atoi)
                  00005b70    0000004c                                   : snprintf.c.obj (.text:snprintf)
                  00005bbc    00000048                                   : fd_toi_t2.asm.obj (.text)
                  00005c04    00000044                                   : autoinit.c.obj (.text:__TI_auto_init_nobinit_nopinit:__TI_auto_init_nobinit_nopinit)
                  00005c48    00000040                                   : sprintf.c.obj (.text:sprintf)
                  00005c88    00000040                                   : vsnprintf.c.obj (.text:vsnprintf)
                  00005cc8    0000003e                                   : _printfi.c.obj (.text:_fcpy)
                  00005d06    00000002     --HOLE-- [fill = 0]
                  00005d08    00000038                                   : memory.c.obj (.text:calloc)
                  00005d40    00000038                                   : fs_tod_t2.asm.obj (.text)
                  00005d78    00000034     driverlib.lib : interrupt.obj (.text:IntRegister)
                  00005dac    00000034     rtsv7M4_T_le_v4SPD16_eabi.lib : boot_cortex_m.c.obj (.text:_c_int00_noargs:_c_int00_noargs)
                  00005de0    00000030                                   : snprintf.c.obj (.text:_outs)
                  00005e10    00000030                                   : vsnprintf.c.obj (.text:_outs)
                  00005e40    0000002e                                   : i_tofd_t2.asm.obj (.text)
                  00005e6e    00000002     --HOLE-- [fill = 0]
                  00005e70    00000028                                   : memory.c.obj (.text:free_list_insert)
                  00005e98    00000020                                   : u_tofd_t2.asm.obj (.text)
                  00005eb8    0000001c                                   : copy_zero_init.c.obj (.text:decompress:ZI:__TI_zero_init_nomemset:__TI_zero_init_nomemset)
                  00005ed4    0000001c                                   : memory.c.obj (.text:free_list_remove)
                  00005ef0    0000001c                                   : memccpy.c.obj (.text:memccpy)
                  00005f0c    0000001a                                   : s_copysign.c.obj (.text:copysign)
                  00005f26    00000018                                   : snprintf.c.obj (.text:_outc)
                  00005f3e    00000018                                   : vsnprintf.c.obj (.text:_outc)
                  00005f56    00000018                                   : sprintf.c.obj (.text:_outs)
                  00005f6e    00000018     open_interface.obj (.text:oi_parseInt)
                  00005f86    00000018     rtsv7M4_T_le_v4SPD16_eabi.lib : strcmp.c.obj (.text:strcmp)
                  00005f9e    00000016                                   : strchr.c.obj (.text:strchr)
                  00005fb4    00000014                                   : strcpy.c.obj (.text:strcpy)
                  00005fc8    00000014                                   : strlen.c.obj (.text:strlen)
                  00005fdc    00000012                                   : wcslen.c.obj (.text:wcslen)
                  00005fee    00000010     driverlib.lib : interrupt.obj (.text:IntMasterEnable)
                  00005ffe    00000010     lcd.obj (.text:lcd_clear)
                  0000600e    0000000e     rtsv7M4_T_le_v4SPD16_eabi.lib : copy_decompress_none.c.obj (.text:decompress:none:__TI_decompress_none)
                  0000601c    0000000c     driverlib.lib : cpu.obj (.text:CPUcpsie)
                  00006028    0000000c     tm4c123gh6pm_startup_ccs.obj (.text)
                  00006034    0000000a     rtsv7M4_T_le_v4SPD16_eabi.lib : sprintf.c.obj (.text:_outc)
                  0000603e    00000002     --HOLE-- [fill = 0]
                  00006040    00000008                                   : errno.c.obj (.text:__aeabi_errno_addr)
                  00006048    00000008                                   : memory.c.obj (.text:malloc)
                  00006050    00000004                                   : pre_init.c.obj (.text:_system_pre_init)
                  00006054    00000004                                   : exit.c.obj (.text:abort:abort)

.const     0    00006058    00000294     
                  00006058    00000101     rtsv7M4_T_le_v4SPD16_eabi.lib : ctype.c.obj (.const:.string:_ctypes_)
                  00006159    00000046     missioncommands.obj (.const:.string:$P$T8$9)
                  0000619f    00000001     --HOLE-- [fill = 0]
                  000061a0    00000030     rtsv7M4_T_le_v4SPD16_eabi.lib : e_pow.c.obj (.const:$O1$$)
                  000061d0    0000002c     main.obj (.const:.string:$P$T0$1)
                  000061fc    00000026     missioncommands.obj (.const:.string:$P$T6$7)
                  00006222    00000024     missioncommands.obj (.const:.string:$P$T4$5)
                  00006246    00000022     missioncommands.obj (.const:.string:$P$T0$1)
                  00006268    0000001f     missioncommands.obj (.const:.string:$P$T3$4)
                  00006287    00000019     missioncommands.obj (.const:.string:$P$T5$6)
                  000062a0    00000013     missioncommands.obj (.const:.string:$P$T2$3)
                  000062b3    00000011     missioncommands.obj (.const:.string:$P$T1$2)
                  000062c4    00000011     missioncommands.obj (.const:.string:$P$T7$8)
                  000062d5    0000000f     open_interface.obj (.const:.string:$P$T0$3)
                  000062e4    00000004     lcd.obj (.const:.string:lineAddress$1)
                  000062e8    00000004     lcd.obj (.const:.string:lineAddresses$2)

.cinit     0    000062f0    00000050     
                  000062f0    00000019     (.cinit..data.load) [load image, compression = lzss]
                  00006309    00000003     --HOLE-- [fill = 0]
                  0000630c    0000000c     (__TI_handler_table)
                  00006318    00000008     (.cinit..bss.load) [load image, compression = zero_init]
                  00006320    00000008     (.cinit..vtable.load) [load image, compression = zero_init]
                  00006328    00000018     (__TI_cinit_table)

.init_array 
*          0    00000000    00000000     UNINITIALIZED

.vtable    0    20000000    0000026c     UNINITIALIZED
                  20000000    0000026c     driverlib.lib : interrupt.obj (.vtable)

.stack     0    20000270    00000800     UNINITIALIZED
                  20000270    00000004     rtsv7M4_T_le_v4SPD16_eabi.lib : boot_cortex_m.c.obj (.stack)
                  20000274    000007fc     --HOLE--

.sysmem    0    20000a70    00000400     UNINITIALIZED
                  20000a70    00000010     rtsv7M4_T_le_v4SPD16_eabi.lib : memory.c.obj (.sysmem)
                  20000a80    000003f0     --HOLE--

.bss       0    20000e70    00000083     UNINITIALIZED
                  20000e70    00000054     lcd.obj (.bss:lastbuffer$3)
                  20000ec4    00000018     open_interface.obj (.bss:firmware$2)
                  20000edc    00000004     (.common:_timeout_ticks)
                  20000ee0    00000004     (.common:button_event)
                  20000ee4    00000004     (.common:button_num)
                  20000ee8    00000004     (.common:falling_time)
                  20000eec    00000004     (.common:rising_time)
                  20000ef0    00000001     (.common:flag)
                  20000ef1    00000001     (.common:state)
                  20000ef2    00000001     (.common:uart_data)

.data      0    20000ef4    0000003a     UNINITIALIZED
                  20000ef4    00000020     open_interface.obj (.data)
                  20000f14    00000008     rtsv7M4_T_le_v4SPD16_eabi.lib : _lock.c.obj (.data:$O1$$)
                  20000f1c    00000008                                   : memory.c.obj (.data:$O1$$)
                  20000f24    00000004     ping.obj (.data)
                  20000f28    00000004     rtsv7M4_T_le_v4SPD16_eabi.lib : errno.c.obj (.data)
                  20000f2c    00000001     Timer.obj (.data)
                  20000f2d    00000001     button.obj (.data)

__llvm_prf_cnts 
*          0    20000000    00000000     UNINITIALIZED

MODULE SUMMARY

       Module                         code    ro data   rw data
       ------                         ----    -------   -------
    .\
       open_interface.obj             3128    15        56     
       missioncommands.obj            1324    287       0      
       helperfunctions.obj            1562    0         0      
       movement.obj                   1052    0         0      
       lcd.obj                        824     8         84     
       ping.obj                       804     0         13     
       servo.obj                      744     0         0      
       tm4c123gh6pm_startup_ccs.obj   12      620       0      
       Timer.obj                      584     0         5      
       uart_extra_help.obj            476     0         2      
       ADC.obj                        444     0         0      
       button.obj                     352     0         9      
       main.obj                       80      44        0      
    +--+------------------------------+-------+---------+---------+
       Total:                         11386   974       169    
                                                               
    C:/ti/TivaWare_C_Series-2.2.0.295/driverlib/ccs/Debug/driverlib.lib
       interrupt.obj                  68      0         620    
       cpu.obj                        12      0         0      
    +--+------------------------------+-------+---------+---------+
       Total:                         80      0         620    
                                                               
    C:\ti\ccs1230\ccs\tools\compiler\ti-cgt-arm_20.2.7.LTS\lib\rtsv7M4_T_le_v4SPD16_eabi.lib
       _printfi.c.obj                 4851    0         0      
       e_pow.c.obj                    2512    48        0      
       memory.c.obj                   728     0         8      
       fd_add_t2.asm.obj              438     0         0      
       e_sqrt.c.obj                   344     0         0      
       fd_div_t2.asm.obj              310     0         0      
       s_scalbn.c.obj                 272     0         0      
       fd_cmp_t2.asm.obj              268     0         0      
       ctype.c.obj                    0       257       0      
       fd_mul_t2.asm.obj              252     0         0      
       s_cosf.c.obj                   180     0         0      
       s_tanf.c.obj                   172     0         0      
       s_sinf.c.obj                   164     0         0      
       memcpy_t2.asm.obj              156     0         0      
       ull_div_t2.asm.obj             150     0         0      
       snprintf.c.obj                 148     0         0      
       vsnprintf.c.obj                136     0         0      
       s_floorf.c.obj                 128     0         0      
       memset_t2.asm.obj              122     0         0      
       fd_tos_t2.asm.obj              110     0         0      
       s_roundf.c.obj                 110     0         0      
       copy_decompress_lzss.c.obj     104     0         0      
       s_frexp.c.obj                  100     0         0      
       sprintf.c.obj                  98      0         0      
       _ltoa.c.obj                    84      0         0      
       atoi.c.obj                     76      0         0      
       fd_toi_t2.asm.obj              72      0         0      
       autoinit.c.obj                 68      0         0      
       fs_tod_t2.asm.obj              56      0         0      
       boot_cortex_m.c.obj            52      0         0      
       i_tofd_t2.asm.obj              46      0         0      
       u_tofd_t2.asm.obj              32      0         0      
       copy_zero_init.c.obj           28      0         0      
       memccpy.c.obj                  28      0         0      
       s_copysign.c.obj               26      0         0      
       strcmp.c.obj                   24      0         0      
       strchr.c.obj                   22      0         0      
       strcpy.c.obj                   20      0         0      
       strlen.c.obj                   20      0         0      
       wcslen.c.obj                   18      0         0      
       copy_decompress_none.c.obj     14      0         0      
       errno.c.obj                    8       0         4      
       _lock.c.obj                    2       0         8      
       exit.c.obj                     4       0         0      
       pre_init.c.obj                 4       0         0      
       div0.asm.obj                   2       0         0      
    +--+------------------------------+-------+---------+---------+
       Total:                         12559   305       20     
                                                               
       Heap:                          0       0         1024   
       Stack:                         0       0         2048   
       Linker Generated:              0       77        0      
    +--+------------------------------+-------+---------+---------+
       Grand Total:                   24025   1356      3881   


LINKER GENERATED COPY TABLES

__TI_cinit_table @ 00006328 records: 3, size/record: 8, table size: 24
	.data: load addr=000062f0, load size=00000019 bytes, run addr=20000ef4, run size=0000003a bytes, compression=lzss
	.bss: load addr=00006318, load size=00000008 bytes, run addr=20000e70, run size=00000083 bytes, compression=zero_init
	.vtable: load addr=00006320, load size=00000008 bytes, run addr=20000000, run size=0000026c bytes, compression=zero_init


LINKER GENERATED HANDLER TABLE

__TI_handler_table @ 0000630c records: 3, size/record: 4, table size: 12
	index: 0, handler: __TI_zero_init
	index: 1, handler: __TI_decompress_lzss
	index: 2, handler: __TI_decompress_none


GLOBAL SYMBOLS: SORTED ALPHABETICALLY BY Name 

address   name                          
-------   ----                          
0000448b  ADC_getDistance               
000043a9  ADC_init                      
00004463  ADC_read                      
00006055  C$$EXIT                       
0000601d  CPUcpsie                      
00000bc3  GPIOF_Handler                 
00005fef  IntMasterEnable               
00005d79  IntRegister                   
00006029  ResetISR                      
0000373b  TIMER3B_Handler               
20000a70  __STACK_END                   
00000800  __STACK_SIZE                  
20000470  __STACK_TOP                   
00000400  __SYSMEM_SIZE                 
00006328  __TI_CINIT_Base               
00006340  __TI_CINIT_Limit              
0000630c  __TI_Handler_Table_Base       
00006318  __TI_Handler_Table_Limit      
00005c05  __TI_auto_init_nobinit_nopinit
0000590b  __TI_decompress_lzss          
0000600f  __TI_decompress_none          
00005a2f  __TI_ltoa                     
ffffffff  __TI_pprof_out_hndl           
00000e8d  __TI_printfi                  
ffffffff  __TI_prof_data_size           
ffffffff  __TI_prof_data_start          
00000000  __TI_static_base__            
00005eb9  __TI_zero_init_nomemset       
00005547  __aeabi_cdcmpeq               
00005547  __aeabi_cdcmple               
000055cd  __aeabi_cdrcmple              
0000589d  __aeabi_d2f                   
00005bbd  __aeabi_d2iz                  
0000456f  __aeabi_dadd                  
00004b11  __aeabi_ddiv                  
00004f7d  __aeabi_dmul                  
00004565  __aeabi_dsub                  
00006041  __aeabi_errno_addr            
00005d41  __aeabi_f2d                   
00005e41  __aeabi_i2d                   
000028c7  __aeabi_idiv0                 
000028c7  __aeabi_ldiv0                 
000056d5  __aeabi_memclr                
000056d5  __aeabi_memclr4               
000056d5  __aeabi_memclr8               
00005415  __aeabi_memcpy                
00005415  __aeabi_memcpy4               
00005415  __aeabi_memcpy8               
000056d7  __aeabi_memset                
000056d7  __aeabi_memset4               
000056d7  __aeabi_memset8               
00005e99  __aeabi_ui2d                  
000054b1  __aeabi_uldivmod              
ffffffff  __binit__                     
ffffffff  __c_args__                    
UNDEFED   __mpu_init                    
20000270  __stack                       
20000000  __start___llvm_prf_cnts       
20000000  __stop___llvm_prf_cnts        
00005dad  _c_int00_noargs               
00006058  _ctypes_                      
20000f14  _lock                         
000018db  _nop                          
20000f2c  _running                      
20000a70  _sys_memory                   
UNDEFED   _system_post_cinit            
00006051  _system_pre_init              
20000edc  _timeout_ticks                
20000f18  _unlock                       
00006055  abort                         
00004e7d  aligned_alloc                 
000025c1  arrayOutput                   
00005b25  atoi                          
ffffffff  binit                         
20000ee0  button_event                  
000047c1  button_getButton              
0000471d  button_init                   
20000ee4  button_num                    
000039f1  calibrate                     
00003985  calibrate_move                
00005d09  calloc                        
000022ad  cartFromPolar                 
00002df5  checkBumper                   
00002e2b  checkCliff                    
00005f0d  copysign                      
00005f0d  copysignl                     
0000515d  cosf                          
20000f28  errno                         
20000ee8  falling_time                  
20000ef0  flag                          
00005655  floorf                        
00005079  free                          
00005975  frexp                         
00005975  frexpl                        
20000000  g_pfnRAMVectors               
00000000  g_pfnVectors                  
000037d1  get_overflow                  
00003779  get_pulse                     
0000379b  get_pulse_millis              
0000097f  go_charge                     
000047a9  gpioe_handler                 
00002679  gridPrintPutty                
00002d15  harvest                       
00004749  init_button_interrupts        
00005fff  lcd_clear                     
000033e5  lcd_gotoLine                  
0000324d  lcd_init                      
0000344b  lcd_printf                    
0000330d  lcd_putc                      
00003345  lcd_puts                      
00003211  lcd_reverseNibble             
00003363  lcd_sendCommand               
000033a1  lcd_sendNibble                
0000340d  lcd_setCursorPos              
00004d6d  ldexp                         
00004d6d  ldexpl                        
00005ad5  main                          
00006049  malloc                        
00004e7d  memalign                      
00005ef1  memccpy                       
00005415  memcpy                        
000056dd  memset                        
20000ef4  motor_cal_factor_L            
20000ef8  motor_cal_factor_R            
00003023  move_backwards                
00002c0d  move_cybot                    
00002e81  move_forward                  
0000275d  objectDataOutput              
0000026d  oi_alloc                      
00000aa9  oi_checkFirmware              
000002c7  oi_close                      
00000279  oi_free                       
00000ded  oi_getMotorCalibrationLeft    
00000e01  oi_getMotorCalibrationRight   
000002b1  oi_init                       
00000289  oi_init_noupdate              
00000915  oi_loadSong                   
00005f6f  oi_parseInt                   
0000032b  oi_parsePacket                
0000096b  oi_play_song                  
0000084b  oi_setLeds                    
00000db1  oi_setMotorCalibration        
0000088f  oi_setWheels                  
00000b51  oi_shutoff_init               
0000098d  oi_uartInit                   
00000a31  oi_uartReceive                
00000a77  oi_uartSendBuff               
00000a15  oi_uartSendChar               
00000a59  oi_uartSendStr                
000002d9  oi_update                     
20000f24  overflow                      
00003539  ping_init                     
00003609  ping_read                     
000018dd  pow                           
000018dd  powl                          
0000478d  print_button                  
20000eec  rising_time                   
0000582f  roundf                        
00004d6d  scalbn                        
00004d6d  scalbnl                       
000028c9  scan                          
000036bd  send_pulse                    
0000385d  servo_init                    
000038f7  servo_move                    
000023d5  setObjectData                 
00005371  sinf                          
00005b71  snprintf                      
00005c49  sprintf                       
0000487d  sqrt                          
0000487d  sqrtl                         
20000ef1  state                         
00005f9f  strchr                        
00005f87  strcmp                        
00005fb5  strcpy                        
00005fc9  strlen                        
000052c5  tanf                          
00003ed3  timer_getMicros               
00003e7b  timer_getMillis               
00003db5  timer_init                    
00003e57  timer_pause                   
00003e69  timer_resume                  
00003e2d  timer_stop                    
00003f2d  timer_waitMicros              
00003f5f  timer_waitMillis              
000030a5  turn_left                     
0000307b  turn_right                    
20000ef2  uart_data                     
00003ffd  uart_init                     
00004157  uart_interrupt_handler        
00004137  uart_interrupt_init           
000040e7  uart_receive                  
000040cb  uart_sendChar                 
0000410d  uart_sendStr                  
00005c89  vsnprintf                     
00005fdd  wcslen                        


GLOBAL SYMBOLS: SORTED BY Symbol Address 

address   name                          
-------   ----                          
00000000  __TI_static_base__            
00000000  g_pfnVectors                  
0000026d  oi_alloc                      
00000279  oi_free                       
00000289  oi_init_noupdate              
000002b1  oi_init                       
000002c7  oi_close                      
000002d9  oi_update                     
0000032b  oi_parsePacket                
00000400  __SYSMEM_SIZE                 
00000800  __STACK_SIZE                  
0000084b  oi_setLeds                    
0000088f  oi_setWheels                  
00000915  oi_loadSong                   
0000096b  oi_play_song                  
0000097f  go_charge                     
0000098d  oi_uartInit                   
00000a15  oi_uartSendChar               
00000a31  oi_uartReceive                
00000a59  oi_uartSendStr                
00000a77  oi_uartSendBuff               
00000aa9  oi_checkFirmware              
00000b51  oi_shutoff_init               
00000bc3  GPIOF_Handler                 
00000db1  oi_setMotorCalibration        
00000ded  oi_getMotorCalibrationLeft    
00000e01  oi_getMotorCalibrationRight   
00000e8d  __TI_printfi                  
000018db  _nop                          
000018dd  pow                           
000018dd  powl                          
000022ad  cartFromPolar                 
000023d5  setObjectData                 
000025c1  arrayOutput                   
00002679  gridPrintPutty                
0000275d  objectDataOutput              
000028c7  __aeabi_idiv0                 
000028c7  __aeabi_ldiv0                 
000028c9  scan                          
00002c0d  move_cybot                    
00002d15  harvest                       
00002df5  checkBumper                   
00002e2b  checkCliff                    
00002e81  move_forward                  
00003023  move_backwards                
0000307b  turn_right                    
000030a5  turn_left                     
00003211  lcd_reverseNibble             
0000324d  lcd_init                      
0000330d  lcd_putc                      
00003345  lcd_puts                      
00003363  lcd_sendCommand               
000033a1  lcd_sendNibble                
000033e5  lcd_gotoLine                  
0000340d  lcd_setCursorPos              
0000344b  lcd_printf                    
00003539  ping_init                     
00003609  ping_read                     
000036bd  send_pulse                    
0000373b  TIMER3B_Handler               
00003779  get_pulse                     
0000379b  get_pulse_millis              
000037d1  get_overflow                  
0000385d  servo_init                    
000038f7  servo_move                    
00003985  calibrate_move                
000039f1  calibrate                     
00003db5  timer_init                    
00003e2d  timer_stop                    
00003e57  timer_pause                   
00003e69  timer_resume                  
00003e7b  timer_getMillis               
00003ed3  timer_getMicros               
00003f2d  timer_waitMicros              
00003f5f  timer_waitMillis              
00003ffd  uart_init                     
000040cb  uart_sendChar                 
000040e7  uart_receive                  
0000410d  uart_sendStr                  
00004137  uart_interrupt_init           
00004157  uart_interrupt_handler        
000043a9  ADC_init                      
00004463  ADC_read                      
0000448b  ADC_getDistance               
00004565  __aeabi_dsub                  
0000456f  __aeabi_dadd                  
0000471d  button_init                   
00004749  init_button_interrupts        
0000478d  print_button                  
000047a9  gpioe_handler                 
000047c1  button_getButton              
0000487d  sqrt                          
0000487d  sqrtl                         
00004b11  __aeabi_ddiv                  
00004d6d  ldexp                         
00004d6d  ldexpl                        
00004d6d  scalbn                        
00004d6d  scalbnl                       
00004e7d  aligned_alloc                 
00004e7d  memalign                      
00004f7d  __aeabi_dmul                  
00005079  free                          
0000515d  cosf                          
000052c5  tanf                          
00005371  sinf                          
00005415  __aeabi_memcpy                
00005415  __aeabi_memcpy4               
00005415  __aeabi_memcpy8               
00005415  memcpy                        
000054b1  __aeabi_uldivmod              
00005547  __aeabi_cdcmpeq               
00005547  __aeabi_cdcmple               
000055cd  __aeabi_cdrcmple              
00005655  floorf                        
000056d5  __aeabi_memclr                
000056d5  __aeabi_memclr4               
000056d5  __aeabi_memclr8               
000056d7  __aeabi_memset                
000056d7  __aeabi_memset4               
000056d7  __aeabi_memset8               
000056dd  memset                        
0000582f  roundf                        
0000589d  __aeabi_d2f                   
0000590b  __TI_decompress_lzss          
00005975  frexp                         
00005975  frexpl                        
00005a2f  __TI_ltoa                     
00005ad5  main                          
00005b25  atoi                          
00005b71  snprintf                      
00005bbd  __aeabi_d2iz                  
00005c05  __TI_auto_init_nobinit_nopinit
00005c49  sprintf                       
00005c89  vsnprintf                     
00005d09  calloc                        
00005d41  __aeabi_f2d                   
00005d79  IntRegister                   
00005dad  _c_int00_noargs               
00005e41  __aeabi_i2d                   
00005e99  __aeabi_ui2d                  
00005eb9  __TI_zero_init_nomemset       
00005ef1  memccpy                       
00005f0d  copysign                      
00005f0d  copysignl                     
00005f6f  oi_parseInt                   
00005f87  strcmp                        
00005f9f  strchr                        
00005fb5  strcpy                        
00005fc9  strlen                        
00005fdd  wcslen                        
00005fef  IntMasterEnable               
00005fff  lcd_clear                     
0000600f  __TI_decompress_none          
0000601d  CPUcpsie                      
00006029  ResetISR                      
00006041  __aeabi_errno_addr            
00006049  malloc                        
00006051  _system_pre_init              
00006055  C$$EXIT                       
00006055  abort                         
00006058  _ctypes_                      
0000630c  __TI_Handler_Table_Base       
00006318  __TI_Handler_Table_Limit      
00006328  __TI_CINIT_Base               
00006340  __TI_CINIT_Limit              
20000000  __start___llvm_prf_cnts       
20000000  __stop___llvm_prf_cnts        
20000000  g_pfnRAMVectors               
20000270  __stack                       
20000470  __STACK_TOP                   
20000a70  __STACK_END                   
20000a70  _sys_memory                   
20000edc  _timeout_ticks                
20000ee0  button_event                  
20000ee4  button_num                    
20000ee8  falling_time                  
20000eec  rising_time                   
20000ef0  flag                          
20000ef1  state                         
20000ef2  uart_data                     
20000ef4  motor_cal_factor_L            
20000ef8  motor_cal_factor_R            
20000f14  _lock                         
20000f18  _unlock                       
20000f24  overflow                      
20000f28  errno                         
20000f2c  _running                      
ffffffff  __TI_pprof_out_hndl           
ffffffff  __TI_prof_data_size           
ffffffff  __TI_prof_data_start          
ffffffff  __binit__                     
ffffffff  __c_args__                    
ffffffff  binit                         
UNDEFED   __mpu_init                    
UNDEFED   _system_post_cinit            

[195 symbols]
